/home/absqua/Desktop/Gitlab/tddi11/Labs/Chapter_5/chap5/Drivers/TicTacToe/STM32L562E-DK/stm32l562e_discovery_lcd.c:142:9:TicTacToe_LCD_Init	24	static
/home/absqua/Desktop/Gitlab/tddi11/Labs/Chapter_5/chap5/Drivers/TicTacToe/STM32L562E-DK/stm32l562e_discovery_lcd.c:170:9:TicTacToe_LCD_DeInit	24	static
/home/absqua/Desktop/Gitlab/tddi11/Labs/Chapter_5/chap5/Drivers/TicTacToe/STM32L562E-DK/stm32l562e_discovery_lcd.c:197:9:TicTacToe_LCD_DisplayOn	24	static
/home/absqua/Desktop/Gitlab/tddi11/Labs/Chapter_5/chap5/Drivers/TicTacToe/STM32L562E-DK/stm32l562e_discovery_lcd.c:222:9:TicTacToe_LCD_DisplayOff	24	static
/home/absqua/Desktop/Gitlab/tddi11/Labs/Chapter_5/chap5/Drivers/TicTacToe/STM32L562E-DK/stm32l562e_discovery_lcd.c:248:9:TicTacToe_LCD_SetBrightness	24	static
/home/absqua/Desktop/Gitlab/tddi11/Labs/Chapter_5/chap5/Drivers/TicTacToe/STM32L562E-DK/stm32l562e_discovery_lcd.c:274:9:TicTacToe_LCD_GetBrightness	24	static
/home/absqua/Desktop/Gitlab/tddi11/Labs/Chapter_5/chap5/Drivers/TicTacToe/STM32L562E-DK/stm32l562e_discovery_lcd.c:300:9:TicTacToe_LCD_GetXSize	24	static
/home/absqua/Desktop/Gitlab/tddi11/Labs/Chapter_5/chap5/Drivers/TicTacToe/STM32L562E-DK/stm32l562e_discovery_lcd.c:326:9:TicTacToe_LCD_GetYSize	24	static
/home/absqua/Desktop/Gitlab/tddi11/Labs/Chapter_5/chap5/Drivers/TicTacToe/STM32L562E-DK/stm32l562e_discovery_lcd.c:352:9:TicTacToe_LCD_SetActiveLayer	24	static
/home/absqua/Desktop/Gitlab/tddi11/Labs/Chapter_5/chap5/Drivers/TicTacToe/STM32L562E-DK/stm32l562e_discovery_lcd.c:377:9:TicTacToe_LCD_DrawBitmap	40	static
/home/absqua/Desktop/Gitlab/tddi11/Labs/Chapter_5/chap5/Drivers/TicTacToe/STM32L562E-DK/stm32l562e_discovery_lcd.c:407:9:TicTacToe_LCD_FillRGBRect	48	static
/home/absqua/Desktop/Gitlab/tddi11/Labs/Chapter_5/chap5/Drivers/TicTacToe/STM32L562E-DK/stm32l562e_discovery_lcd.c:436:9:TicTacToe_LCD_DrawHLine	48	static
/home/absqua/Desktop/Gitlab/tddi11/Labs/Chapter_5/chap5/Drivers/TicTacToe/STM32L562E-DK/stm32l562e_discovery_lcd.c:465:9:TicTacToe_LCD_DrawVLine	48	static
/home/absqua/Desktop/Gitlab/tddi11/Labs/Chapter_5/chap5/Drivers/TicTacToe/STM32L562E-DK/stm32l562e_discovery_lcd.c:495:9:TicTacToe_LCD_FillRect	48	static
/home/absqua/Desktop/Gitlab/tddi11/Labs/Chapter_5/chap5/Drivers/TicTacToe/STM32L562E-DK/stm32l562e_discovery_lcd.c:523:9:TicTacToe_LCD_ReadPixel	40	static
/home/absqua/Desktop/Gitlab/tddi11/Labs/Chapter_5/chap5/Drivers/TicTacToe/STM32L562E-DK/stm32l562e_discovery_lcd.c:551:9:TicTacToe_LCD_WritePixel	40	static
/home/absqua/Desktop/Gitlab/tddi11/Labs/Chapter_5/chap5/Drivers/TicTacToe/STM32L562E-DK/stm32l562e_discovery_lcd.c:577:9:TicTacToe_LCD_GetFormat	24	static
/home/absqua/Desktop/Gitlab/tddi11/Labs/Chapter_5/chap5/Drivers/TicTacToe/STM32L562E-DK/stm32l562e_discovery_lcd.c:599:26:MX_FMC_BANK1_Init	16	static
/home/absqua/Desktop/Gitlab/tddi11/Labs/Chapter_5/chap5/Drivers/TicTacToe/STM32L562E-DK/stm32l562e_discovery_lcd.c:728:16:ST7789H2_Probe	56	static
/home/absqua/Desktop/Gitlab/tddi11/Labs/Chapter_5/chap5/Drivers/TicTacToe/STM32L562E-DK/stm32l562e_discovery_lcd.c:794:13:ST7789H2_PowerUp	40	static
/home/absqua/Desktop/Gitlab/tddi11/Labs/Chapter_5/chap5/Drivers/TicTacToe/STM32L562E-DK/stm32l562e_discovery_lcd.c:837:13:ST7789H2_PowerDown	8	static
/home/absqua/Desktop/Gitlab/tddi11/Labs/Chapter_5/chap5/Drivers/TicTacToe/STM32L562E-DK/stm32l562e_discovery_lcd.c:853:16:LCD_FMC_Init	16	static
/home/absqua/Desktop/Gitlab/tddi11/Labs/Chapter_5/chap5/Drivers/TicTacToe/STM32L562E-DK/stm32l562e_discovery_lcd.c:896:16:LCD_FMC_DeInit	16	static
/home/absqua/Desktop/Gitlab/tddi11/Labs/Chapter_5/chap5/Drivers/TicTacToe/STM32L562E-DK/stm32l562e_discovery_lcd.c:921:16:LCD_FMC_WriteReg16	32	static
/home/absqua/Desktop/Gitlab/tddi11/Labs/Chapter_5/chap5/Drivers/TicTacToe/STM32L562E-DK/stm32l562e_discovery_lcd.c:955:16:LCD_FMC_ReadReg16	40	static
/home/absqua/Desktop/Gitlab/tddi11/Labs/Chapter_5/chap5/Drivers/TicTacToe/STM32L562E-DK/stm32l562e_discovery_lcd.c:989:16:LCD_FMC_Send	24	static
/home/absqua/Desktop/Gitlab/tddi11/Labs/Chapter_5/chap5/Drivers/TicTacToe/STM32L562E-DK/stm32l562e_discovery_lcd.c:1017:16:LCD_FMC_GetTick	16	static
/home/absqua/Desktop/Gitlab/tddi11/Labs/Chapter_5/chap5/Drivers/TicTacToe/STM32L562E-DK/stm32l562e_discovery_lcd.c:1029:14:FMC_MspInit	56	static
/home/absqua/Desktop/Gitlab/tddi11/Labs/Chapter_5/chap5/Drivers/TicTacToe/STM32L562E-DK/stm32l562e_discovery_lcd.c:1084:13:FMC_MspDeInit	40	static
