Archive member included to satisfy reference by file (symbol)

/courses/TDDI11/sw/lib/elf/libepc.a(init-cpu.o)
                              (start)
/courses/TDDI11/sw/lib/elf/libepc.a(init-idt.o)
                              /courses/TDDI11/sw/lib/elf/libepc.a(init-cpu.o) (Init_IDT)
/courses/TDDI11/sw/lib/elf/libepc.a(init-crt.o)
                              /courses/TDDI11/sw/lib/elf/libepc.a(init-cpu.o) (Init_CRT)
/courses/TDDI11/sw/lib/elf/libepc.a(display.o)
                              main.o (SetCursorPosition)
/courses/TDDI11/sw/lib/elf/libepc.a(timer.o)
                              main.o (Milliseconds)
/courses/TDDI11/sw/lib/elf/libepc.a(init8259.o)
                              /courses/TDDI11/sw/lib/elf/libepc.a(init-cpu.o) (Init8259)
/courses/TDDI11/sw/lib/elf/libepc.a(init8253.o)
                              /courses/TDDI11/sw/lib/elf/libepc.a(init-cpu.o) (Init8253)
/courses/TDDI11/sw/lib/elf/libepc.a(checkcpu.o)
                              /courses/TDDI11/sw/lib/elf/libepc.a(init-cpu.o) (Check_CPU)
/courses/TDDI11/sw/lib/elf/libepc.a(io.o)
                              /courses/TDDI11/sw/lib/elf/libepc.a(timer.o) (msec)
/courses/TDDI11/sw/lib/elf/libepc.a(keyboard.o)
                              /courses/TDDI11/sw/lib/elf/libepc.a(io.o) (Enqueue)

Discarded input sections

 .eh_frame      0x0000000000000000       0x94 main.o

Memory Configuration

Name             Origin             Length             Attributes
conventional     0x0000000000000000 0x00000000000a0000
reserved         0x00000000000a0000 0x0000000000060000
extended         0x0000000000100000 0x00000000fff00000
*default*        0x0000000000000000 0xffffffffffffffff

Linker script and memory map

LOAD main.o
LOAD llmultiply.o
LOAD /courses/TDDI11/sw/lib/elf/libepc.a
LOAD /courses/TDDI11/sw/lib/elf/djgpp/libc.a
LOAD /courses/TDDI11/sw/i386-elf-gcc-7.3.0/lib/gcc/i386-elf/7.3.0/libgcc.a

.text           0x0000000000000000     0x1740
                0x0000000000000000                text_frst = .
 *(.start)
 .start         0x0000000000000000        0x8 /courses/TDDI11/sw/lib/elf/libepc.a(init-cpu.o)
                0x0000000000000000                start
 *(.init)
 *(.text)
 .text          0x0000000000000008       0x27 main.o
                0x0000000000000008                PutUnsignedLongLong
 *fill*         0x000000000000002f        0x1 
 .text          0x0000000000000030       0x55 llmultiply.o
                0x0000000000000030                llmultiply
 *fill*         0x0000000000000085        0x3 
 .text          0x0000000000000088       0x50 /courses/TDDI11/sw/lib/elf/libepc.a(init-cpu.o)
                0x0000000000000088                Init_CPU
 .text          0x00000000000000d8      0x5a0 /courses/TDDI11/sw/lib/elf/libepc.a(init-idt.o)
                0x00000000000004e8                IRQ2INT
                0x00000000000004fc                _GetISR
                0x0000000000000540                SetISR
                0x0000000000000578                Init_IDT
 .text          0x0000000000000678      0x110 /courses/TDDI11/sw/lib/elf/libepc.a(init-crt.o)
                0x0000000000000678                Init_CRT
                0x00000000000006ac                _LastMemoryAddress
 .text          0x0000000000000788      0x6e0 /courses/TDDI11/sw/lib/elf/libepc.a(display.o)
                0x0000000000000788                SetCursorVisible
                0x000000000000080c                _GetCursorRow
                0x0000000000000820                _GetCursorCol
                0x0000000000000834                SetCursorPosition
                0x00000000000008d8                ClearScreen
                0x0000000000000940                _PutAttb
                0x000000000000098c                _PutCharAt
                0x00000000000009b8                _PutChar
                0x0000000000000a3c                PutString
                0x0000000000000a74                PutUnsigned
                0x0000000000000aac                FormatUnsigned
                0x0000000000000b3c                Unsigned2Ascii
                0x0000000000000bc0                _Cell
 .text          0x0000000000000e68       0xe0 /courses/TDDI11/sw/lib/elf/libepc.a(timer.o)
                0x0000000000000ef0                Milliseconds
                0x0000000000000f0c                Now_Plus
 .text          0x0000000000000f48       0xe0 /courses/TDDI11/sw/lib/elf/libepc.a(init8259.o)
                0x0000000000000f48                Init8259
 .text          0x0000000000001028       0xb0 /courses/TDDI11/sw/lib/elf/libepc.a(init8253.o)
                0x0000000000001028                Init8253
 .text          0x00000000000010d8       0x98 /courses/TDDI11/sw/lib/elf/libepc.a(checkcpu.o)
                0x00000000000010d8                Check_CPU
 .text          0x0000000000001170       0x60 /courses/TDDI11/sw/lib/elf/libepc.a(io.o)
                0x0000000000001170                TimerTickISR
                0x000000000000117c                KeyboardISR
                0x000000000000119c                ISR_PIC1
                0x00000000000011a3                ISR_PIC2
                0x00000000000011ac                ___main
                0x00000000000011ad                inportb
                0x00000000000011b7                outportb
                0x00000000000011c9                _exit
 .text          0x00000000000011d0      0x570 /courses/TDDI11/sw/lib/elf/libepc.a(keyboard.o)
                0x00000000000011d0                ScanCodeRdy
                0x00000000000011f4                GetScanCode
                0x0000000000001224                ScanCode2Ascii
                0x00000000000013e4                SetsKybdState
                0x00000000000015d4                Enqueue
                0x000000000000173f                text_last = (. - 0x1)

.text.startup   0x0000000000001740      0x193
 .text.startup  0x0000000000001740      0x193 main.o
                0x0000000000001740                main

.data           0x00000000000018e0      0x7ab
                0x00000000000018e0                data_frst = .
 *(.data)
 .data          0x00000000000018e0       0xe0 main.o
                0x00000000000018e0                cases
 .data          0x00000000000019c0        0x0 llmultiply.o
 .data          0x00000000000019c0       0x20 /courses/TDDI11/sw/lib/elf/libepc.a(init-cpu.o)
                0x00000000000019de                code_selector
 .data          0x00000000000019e0       0x90 /courses/TDDI11/sw/lib/elf/libepc.a(init-idt.o)
 .data          0x0000000000001a70       0x10 /courses/TDDI11/sw/lib/elf/libepc.a(init-crt.o)
 .data          0x0000000000001a80       0x30 /courses/TDDI11/sw/lib/elf/libepc.a(display.o)
 .data          0x0000000000001ab0       0x10 /courses/TDDI11/sw/lib/elf/libepc.a(timer.o)
 .data          0x0000000000001ac0        0x0 /courses/TDDI11/sw/lib/elf/libepc.a(init8259.o)
 .data          0x0000000000001ac0        0x0 /courses/TDDI11/sw/lib/elf/libepc.a(init8253.o)
 .data          0x0000000000001ac0        0xc /courses/TDDI11/sw/lib/elf/libepc.a(io.o)
                0x0000000000001ac0                msec
                0x0000000000001ac4                old_tick_isr
                0x0000000000001ac8                old_kybd_isr
 .data          0x0000000000001acc      0x5a0 /courses/TDDI11/sw/lib/elf/libepc.a(keyboard.o)
 *(.rodata)
 *(.rodata.str1.1)
 .rodata.str1.1
                0x000000000000206c       0x1f main.o
 *(.rodata.str1.32)
                0x000000000000208a                data_last = (. - 0x1)

.bss            0x000000000000208c      0x83c
                0x000000000000208c                bss_frst = .
 *(.bss)
 .bss           0x000000000000208c        0x0 main.o
 .bss           0x000000000000208c      0x800 /courses/TDDI11/sw/lib/elf/libepc.a(init-idt.o)
 .bss           0x000000000000288c        0x0 /courses/TDDI11/sw/lib/elf/libepc.a(init-crt.o)
 .bss           0x000000000000288c        0x8 /courses/TDDI11/sw/lib/elf/libepc.a(display.o)
 .bss           0x0000000000002894        0x0 /courses/TDDI11/sw/lib/elf/libepc.a(timer.o)
 .bss           0x0000000000002894        0x0 /courses/TDDI11/sw/lib/elf/libepc.a(init8259.o)
 .bss           0x0000000000002894        0x0 /courses/TDDI11/sw/lib/elf/libepc.a(init8253.o)
 .bss           0x0000000000002894       0x34 /courses/TDDI11/sw/lib/elf/libepc.a(keyboard.o)
 *(COMMON)
                0x00000000000028c7                bss_last = (. - 0x1)

/DISCARD/
 *(.eh_frame)
                0x00000000000028c8                stack_frst = (bss_last + 0x1)
                0x000000000000a8c7                stack_last = (bss_last + 0x8000)
                0x000000000000a8c8                heap_frst = (stack_last + 0x1)
OUTPUT(embedded.bin binary)

.debug_info     0x0000000000000000      0x3bf
 .debug_info    0x0000000000000000      0x3bf main.o

.debug_abbrev   0x0000000000000000      0x154
 .debug_abbrev  0x0000000000000000      0x154 main.o

.debug_loc      0x0000000000000000       0xd7
 .debug_loc     0x0000000000000000       0xd7 main.o

.debug_aranges  0x0000000000000000       0x28
 .debug_aranges
                0x0000000000000000       0x28 main.o

.debug_ranges   0x0000000000000000       0x18
 .debug_ranges  0x0000000000000000       0x18 main.o

.debug_line     0x0000000000000000       0xfa
 .debug_line    0x0000000000000000       0xfa main.o

.debug_str      0x0000000000000000      0x158
 .debug_str     0x0000000000000000      0x158 main.o

.comment        0x0000000000000000       0x12
 .comment       0x0000000000000000       0x12 main.o
