/home/absqua/Desktop/Gitlab/tddi11/Labs/Chapter_5/chap5/Drivers/TicTacToe/Components/st7789h2/st7789h2.c:84:9:ST7789H2_RegisterBusIO	24	static
/home/absqua/Desktop/Gitlab/tddi11/Labs/Chapter_5/chap5/Drivers/TicTacToe/Components/st7789h2/st7789h2.c:127:9:ST7789H2_Init	56	static
/home/absqua/Desktop/Gitlab/tddi11/Labs/Chapter_5/chap5/Drivers/TicTacToe/Components/st7789h2/st7789h2.c:369:9:ST7789H2_DeInit	24	static
/home/absqua/Desktop/Gitlab/tddi11/Labs/Chapter_5/chap5/Drivers/TicTacToe/Components/st7789h2/st7789h2.c:403:9:ST7789H2_ReadID	24	static
/home/absqua/Desktop/Gitlab/tddi11/Labs/Chapter_5/chap5/Drivers/TicTacToe/Components/st7789h2/st7789h2.c:426:9:ST7789H2_DisplayOn	24	static
/home/absqua/Desktop/Gitlab/tddi11/Labs/Chapter_5/chap5/Drivers/TicTacToe/Components/st7789h2/st7789h2.c:454:9:ST7789H2_DisplayOff	24	static
/home/absqua/Desktop/Gitlab/tddi11/Labs/Chapter_5/chap5/Drivers/TicTacToe/Components/st7789h2/st7789h2.c:485:9:ST7789H2_SetBrightness	16	static
/home/absqua/Desktop/Gitlab/tddi11/Labs/Chapter_5/chap5/Drivers/TicTacToe/Components/st7789h2/st7789h2.c:499:9:ST7789H2_GetBrightness	16	static
/home/absqua/Desktop/Gitlab/tddi11/Labs/Chapter_5/chap5/Drivers/TicTacToe/Components/st7789h2/st7789h2.c:513:9:ST7789H2_SetOrientation	24	static
/home/absqua/Desktop/Gitlab/tddi11/Labs/Chapter_5/chap5/Drivers/TicTacToe/Components/st7789h2/st7789h2.c:549:9:ST7789H2_GetOrientation	24	static
/home/absqua/Desktop/Gitlab/tddi11/Labs/Chapter_5/chap5/Drivers/TicTacToe/Components/st7789h2/st7789h2.c:565:9:ST7789H2_SetCursor	40	static
/home/absqua/Desktop/Gitlab/tddi11/Labs/Chapter_5/chap5/Drivers/TicTacToe/Components/st7789h2/st7789h2.c:636:9:ST7789H2_DrawBitmap	64	static
/home/absqua/Desktop/Gitlab/tddi11/Labs/Chapter_5/chap5/Drivers/TicTacToe/Components/st7789h2/st7789h2.c:806:9:ST7789H2_FillRGBRect	528	static
/home/absqua/Desktop/Gitlab/tddi11/Labs/Chapter_5/chap5/Drivers/TicTacToe/Components/st7789h2/st7789h2.c:848:9:ST7789H2_DrawHLine	40	static
/home/absqua/Desktop/Gitlab/tddi11/Labs/Chapter_5/chap5/Drivers/TicTacToe/Components/st7789h2/st7789h2.c:891:9:ST7789H2_DrawVLine	32	static
/home/absqua/Desktop/Gitlab/tddi11/Labs/Chapter_5/chap5/Drivers/TicTacToe/Components/st7789h2/st7789h2.c:920:9:ST7789H2_FillRect	40	static
/home/absqua/Desktop/Gitlab/tddi11/Labs/Chapter_5/chap5/Drivers/TicTacToe/Components/st7789h2/st7789h2.c:945:9:ST7789H2_SetPixel	32	static
/home/absqua/Desktop/Gitlab/tddi11/Labs/Chapter_5/chap5/Drivers/TicTacToe/Components/st7789h2/st7789h2.c:971:9:ST7789H2_GetPixel	40	static
/home/absqua/Desktop/Gitlab/tddi11/Labs/Chapter_5/chap5/Drivers/TicTacToe/Components/st7789h2/st7789h2.c:1001:9:ST7789H2_GetXSize	16	static
/home/absqua/Desktop/Gitlab/tddi11/Labs/Chapter_5/chap5/Drivers/TicTacToe/Components/st7789h2/st7789h2.c:1016:9:ST7789H2_GetYSize	16	static
/home/absqua/Desktop/Gitlab/tddi11/Labs/Chapter_5/chap5/Drivers/TicTacToe/Components/st7789h2/st7789h2.c:1039:16:ST7789H2_ReadRegWrap	40	static
/home/absqua/Desktop/Gitlab/tddi11/Labs/Chapter_5/chap5/Drivers/TicTacToe/Components/st7789h2/st7789h2.c:1054:16:ST7789H2_WriteRegWrap	40	static
/home/absqua/Desktop/Gitlab/tddi11/Labs/Chapter_5/chap5/Drivers/TicTacToe/Components/st7789h2/st7789h2.c:1068:16:ST7789H2_SendDataWrap	32	static
/home/absqua/Desktop/Gitlab/tddi11/Labs/Chapter_5/chap5/Drivers/TicTacToe/Components/st7789h2/st7789h2.c:1080:13:ST7789H2_Delay	24	static
