Archive member included to satisfy reference by file (symbol)

/home/absqua/st/stm32cubeide_1.18.1/plugins/com.st.stm32cube.ide.mcu.externaltools.gnu-tools-for-stm32.13.3.rel1.linux64_1.0.0.202410170706/tools/bin/../lib/gcc/arm-none-eabi/13.3.1/../../../../arm-none-eabi/lib/thumb/v8-m.main+fp/hard/libc_nano.a(libc_a-exit.o)
                              /home/absqua/st/stm32cubeide_1.18.1/plugins/com.st.stm32cube.ide.mcu.externaltools.gnu-tools-for-stm32.13.3.rel1.linux64_1.0.0.202410170706/tools/bin/../lib/gcc/arm-none-eabi/13.3.1/../../../../arm-none-eabi/lib/thumb/v8-m.main+fp/hard/crt0.o (exit)
/home/absqua/st/stm32cubeide_1.18.1/plugins/com.st.stm32cube.ide.mcu.externaltools.gnu-tools-for-stm32.13.3.rel1.linux64_1.0.0.202410170706/tools/bin/../lib/gcc/arm-none-eabi/13.3.1/../../../../arm-none-eabi/lib/thumb/v8-m.main+fp/hard/libc_nano.a(libc_a-findfp.o)
                              /home/absqua/st/stm32cubeide_1.18.1/plugins/com.st.stm32cube.ide.mcu.externaltools.gnu-tools-for-stm32.13.3.rel1.linux64_1.0.0.202410170706/tools/bin/../lib/gcc/arm-none-eabi/13.3.1/../../../../arm-none-eabi/lib/thumb/v8-m.main+fp/hard/libc_nano.a(libc_a-exit.o) (__stdio_exit_handler)
/home/absqua/st/stm32cubeide_1.18.1/plugins/com.st.stm32cube.ide.mcu.externaltools.gnu-tools-for-stm32.13.3.rel1.linux64_1.0.0.202410170706/tools/bin/../lib/gcc/arm-none-eabi/13.3.1/../../../../arm-none-eabi/lib/thumb/v8-m.main+fp/hard/libc_nano.a(libc_a-fwalk.o)
                              /home/absqua/st/stm32cubeide_1.18.1/plugins/com.st.stm32cube.ide.mcu.externaltools.gnu-tools-for-stm32.13.3.rel1.linux64_1.0.0.202410170706/tools/bin/../lib/gcc/arm-none-eabi/13.3.1/../../../../arm-none-eabi/lib/thumb/v8-m.main+fp/hard/libc_nano.a(libc_a-findfp.o) (_fwalk_sglue)
/home/absqua/st/stm32cubeide_1.18.1/plugins/com.st.stm32cube.ide.mcu.externaltools.gnu-tools-for-stm32.13.3.rel1.linux64_1.0.0.202410170706/tools/bin/../lib/gcc/arm-none-eabi/13.3.1/../../../../arm-none-eabi/lib/thumb/v8-m.main+fp/hard/libc_nano.a(libc_a-stdio.o)
                              /home/absqua/st/stm32cubeide_1.18.1/plugins/com.st.stm32cube.ide.mcu.externaltools.gnu-tools-for-stm32.13.3.rel1.linux64_1.0.0.202410170706/tools/bin/../lib/gcc/arm-none-eabi/13.3.1/../../../../arm-none-eabi/lib/thumb/v8-m.main+fp/hard/libc_nano.a(libc_a-findfp.o) (__sread)
/home/absqua/st/stm32cubeide_1.18.1/plugins/com.st.stm32cube.ide.mcu.externaltools.gnu-tools-for-stm32.13.3.rel1.linux64_1.0.0.202410170706/tools/bin/../lib/gcc/arm-none-eabi/13.3.1/../../../../arm-none-eabi/lib/thumb/v8-m.main+fp/hard/libc_nano.a(libc_a-memset.o)
                              /home/absqua/st/stm32cubeide_1.18.1/plugins/com.st.stm32cube.ide.mcu.externaltools.gnu-tools-for-stm32.13.3.rel1.linux64_1.0.0.202410170706/tools/bin/../lib/gcc/arm-none-eabi/13.3.1/../../../../arm-none-eabi/lib/thumb/v8-m.main+fp/hard/crt0.o (memset)
/home/absqua/st/stm32cubeide_1.18.1/plugins/com.st.stm32cube.ide.mcu.externaltools.gnu-tools-for-stm32.13.3.rel1.linux64_1.0.0.202410170706/tools/bin/../lib/gcc/arm-none-eabi/13.3.1/../../../../arm-none-eabi/lib/thumb/v8-m.main+fp/hard/libc_nano.a(libc_a-closer.o)
                              /home/absqua/st/stm32cubeide_1.18.1/plugins/com.st.stm32cube.ide.mcu.externaltools.gnu-tools-for-stm32.13.3.rel1.linux64_1.0.0.202410170706/tools/bin/../lib/gcc/arm-none-eabi/13.3.1/../../../../arm-none-eabi/lib/thumb/v8-m.main+fp/hard/libc_nano.a(libc_a-stdio.o) (_close_r)
/home/absqua/st/stm32cubeide_1.18.1/plugins/com.st.stm32cube.ide.mcu.externaltools.gnu-tools-for-stm32.13.3.rel1.linux64_1.0.0.202410170706/tools/bin/../lib/gcc/arm-none-eabi/13.3.1/../../../../arm-none-eabi/lib/thumb/v8-m.main+fp/hard/libc_nano.a(libc_a-reent.o)
                              /home/absqua/st/stm32cubeide_1.18.1/plugins/com.st.stm32cube.ide.mcu.externaltools.gnu-tools-for-stm32.13.3.rel1.linux64_1.0.0.202410170706/tools/bin/../lib/gcc/arm-none-eabi/13.3.1/../../../../arm-none-eabi/lib/thumb/v8-m.main+fp/hard/libc_nano.a(libc_a-closer.o) (errno)
/home/absqua/st/stm32cubeide_1.18.1/plugins/com.st.stm32cube.ide.mcu.externaltools.gnu-tools-for-stm32.13.3.rel1.linux64_1.0.0.202410170706/tools/bin/../lib/gcc/arm-none-eabi/13.3.1/../../../../arm-none-eabi/lib/thumb/v8-m.main+fp/hard/libc_nano.a(libc_a-impure.o)
                              /home/absqua/st/stm32cubeide_1.18.1/plugins/com.st.stm32cube.ide.mcu.externaltools.gnu-tools-for-stm32.13.3.rel1.linux64_1.0.0.202410170706/tools/bin/../lib/gcc/arm-none-eabi/13.3.1/../../../../arm-none-eabi/lib/thumb/v8-m.main+fp/hard/libc_nano.a(libc_a-reent.o) (_impure_ptr)
/home/absqua/st/stm32cubeide_1.18.1/plugins/com.st.stm32cube.ide.mcu.externaltools.gnu-tools-for-stm32.13.3.rel1.linux64_1.0.0.202410170706/tools/bin/../lib/gcc/arm-none-eabi/13.3.1/../../../../arm-none-eabi/lib/thumb/v8-m.main+fp/hard/libc_nano.a(libc_a-lseekr.o)
[...]
Memory Configuration

Name             Origin             Length             Attributes
RAM              0x20000000         0x00030000         xrw
ROM              0x08000000         0x00080000         xr
*default*        0x00000000         0xffffffff

Linker script and memory map

LOAD /home/absqua/st/stm32cubeide_1.18.1/plugins/com.st.stm32cube.ide.mcu.externaltools.gnu-tools-for-stm32.13.3.rel1.linux64_1.0.0.202410170706/tools/bin/../lib/gcc/arm-none-eabi/13.3.1/thumb/v8-m.main+fp/hard/crti.o
LOAD /home/absqua/st/stm32cubeide_1.18.1/plugins/com.st.stm32cube.ide.mcu.externaltools.gnu-tools-for-stm32.13.3.rel1.linux64_1.0.0.202410170706/tools/bin/../lib/gcc/arm-none-eabi/13.3.1/thumb/v8-m.main+fp/hard/crtbegin.o
LOAD /home/absqua/st/stm32cubeide_1.18.1/plugins/com.st.stm32cube.ide.mcu.externaltools.gnu-tools-for-stm32.13.3.rel1.linux64_1.0.0.202410170706/tools/bin/../lib/gcc/arm-none-eabi/13.3.1/../../../../arm-none-eabi/lib/thumb/v8-m.main+fp/hard/crt0.o
LOAD ./Drivers/CMSIS/system_stm32l5xx.o
LOAD ./Drivers/STM32L5xx_HAL_Driver/stm32l5xx_hal.o
LOAD ./Drivers/STM32L5xx_HAL_Driver/stm32l5xx_hal_cortex.o
LOAD ./Drivers/STM32L5xx_HAL_Driver/stm32l5xx_hal_dfsdm.o
LOAD ./Drivers/STM32L5xx_HAL_Driver/stm32l5xx_hal_dfsdm_ex.o
LOAD ./Drivers/STM32L5xx_HAL_Driver/stm32l5xx_hal_dma.o
LOAD ./Drivers/STM32L5xx_HAL_Driver/stm32l5xx_hal_dma_ex.o
LOAD ./Drivers/STM32L5xx_HAL_Driver/stm32l5xx_hal_exti.o
LOAD ./Drivers/STM32L5xx_HAL_Driver/stm32l5xx_hal_gpio.o
LOAD ./Drivers/STM32L5xx_HAL_Driver/stm32l5xx_hal_i2c.o
LOAD ./Drivers/STM32L5xx_HAL_Driver/stm32l5xx_hal_i2c_ex.o
LOAD ./Drivers/STM32L5xx_HAL_Driver/stm32l5xx_hal_icache.o
LOAD ./Drivers/STM32L5xx_HAL_Driver/stm32l5xx_hal_pwr.o
LOAD ./Drivers/STM32L5xx_HAL_Driver/stm32l5xx_hal_pwr_ex.o
LOAD ./Drivers/STM32L5xx_HAL_Driver/stm32l5xx_hal_rcc.o
LOAD ./Drivers/STM32L5xx_HAL_Driver/stm32l5xx_hal_rcc_ex.o
LOAD ./Drivers/STM32L5xx_HAL_Driver/stm32l5xx_hal_sram.o
LOAD ./Drivers/STM32L5xx_HAL_Driver/stm32l5xx_ll_fmc.o
LOAD ./Drivers/TicTacToe/Components/ft6x06.o
LOAD ./Drivers/TicTacToe/Components/ft6x06_reg.o
LOAD ./Drivers/TicTacToe/Components/lsm6dso.o
LOAD ./Drivers/TicTacToe/Components/lsm6dso_reg.o
LOAD ./Drivers/TicTacToe/Components/st7789h2.o
LOAD ./Drivers/TicTacToe/Components/st7789h2_reg.o
LOAD ./Drivers/TicTacToe/STM32L562E-DK/stm32l562e_discovery.o
LOAD ./Drivers/TicTacToe/STM32L562E-DK/stm32l562e_discovery_bus.o
LOAD ./Drivers/TicTacToe/STM32L562E-DK/stm32l562e_discovery_lcd.o
LOAD ./Drivers/TicTacToe/STM32L562E-DK/stm32l562e_discovery_motion_sensors.o
LOAD ./Drivers/TicTacToe/STM32L562E-DK/stm32l562e_discovery_ts.o
LOAD ./Example/Startup/startup_stm32l562qeixq.o
LOAD ./Example/User/main.o
LOAD ./Example/User/stm32l5xx_it.o
LOAD ./Example/User/syscalls.o
LOAD ./Example/User/sysmem.o
LOAD ./Utilities/stm32_lcd.o
START GROUP
LOAD /home/absqua/st/stm32cubeide_1.18.1/plugins/com.st.stm32cube.ide.mcu.externaltools.gnu-tools-for-stm32.13.3.rel1.linux64_1.0.0.202410170706/tools/bin/../lib/gcc/arm-none-eabi/13.3.1/../../../../arm-none-eabi/lib/thumb/v8-m.main+fp/hard/libc_nano.a
LOAD /home/absqua/st/stm32cubeide_1.18.1/plugins/com.st.stm32cube.ide.mcu.externaltools.gnu-tools-for-stm32.13.3.rel1.linux64_1.0.0.202410170706/tools/bin/../lib/gcc/arm-none-eabi/13.3.1/../../../../arm-none-eabi/lib/thumb/v8-m.main+fp/hard/libm.a
END GROUP
START GROUP
LOAD /home/absqua/st/stm32cubeide_1.18.1/plugins/com.st.stm32cube.ide.mcu.externaltools.gnu-tools-for-stm32.13.3.rel1.linux64_1.0.0.202410170706/tools/bin/../lib/gcc/arm-none-eabi/13.3.1/thumb/v8-m.main+fp/hard/libgcc.a
LOAD /home/absqua/st/stm32cubeide_1.18.1/plugins/com.st.stm32cube.ide.mcu.externaltools.gnu-tools-for-stm32.13.3.rel1.linux64_1.0.0.202410170706/tools/bin/../lib/gcc/arm-none-eabi/13.3.1/../../../../arm-none-eabi/lib/thumb/v8-m.main+fp/hard/libc_nano.a
END GROUP
START GROUP
LOAD /home/absqua/st/stm32cubeide_1.18.1/plugins/com.st.stm32cube.ide.mcu.externaltools.gnu-tools-for-stm32.13.3.rel1.linux64_1.0.0.202410170706/tools/bin/../lib/gcc/arm-none-eabi/13.3.1/thumb/v8-m.main+fp/hard/libgcc.a
LOAD /home/absqua/st/stm32cubeide_1.18.1/plugins/com.st.stm32cube.ide.mcu.externaltools.gnu-tools-for-stm32.13.3.rel1.linux64_1.0.0.202410170706/tools/bin/../lib/gcc/arm-none-eabi/13.3.1/../../../../arm-none-eabi/lib/thumb/v8-m.main+fp/hard/libc_nano.a
LOAD /home/absqua/st/stm32cubeide_1.18.1/plugins/com.st.stm32cube.ide.mcu.externaltools.gnu-tools-for-stm32.13.3.rel1.linux64_1.0.0.202410170706/tools/bin/../lib/gcc/arm-none-eabi/13.3.1/../../../../arm-none-eabi/lib/thumb/v8-m.main+fp/hard/libnosys.a
END GROUP
START GROUP
LOAD /home/absqua/st/stm32cubeide_1.18.1/plugins/com.st.stm32cube.ide.mcu.externaltools.gnu-tools-for-stm32.13.3.rel1.linux64_1.0.0.202410170706/tools/bin/../lib/gcc/arm-none-eabi/13.3.1/thumb/v8-m.main+fp/hard/libgcc.a
LOAD /home/absqua/st/stm32cubeide_1.18.1/plugins/com.st.stm32cube.ide.mcu.externaltools.gnu-tools-for-stm32.13.3.rel1.linux64_1.0.0.202410170706/tools/bin/../lib/gcc/arm-none-eabi/13.3.1/../../../../arm-none-eabi/lib/thumb/v8-m.main+fp/hard/libc_nano.a
LOAD /home/absqua/st/stm32cubeide_1.18.1/plugins/com.st.stm32cube.ide.mcu.externaltools.gnu-tools-for-stm32.13.3.rel1.linux64_1.0.0.202410170706/tools/bin/../lib/gcc/arm-none-eabi/13.3.1/../../../../arm-none-eabi/lib/thumb/v8-m.main+fp/hard/libnosys.a
END GROUP
LOAD /home/absqua/st/stm32cubeide_1.18.1/plugins/com.st.stm32cube.ide.mcu.externaltools.gnu-tools-for-stm32.13.3.rel1.linux64_1.0.0.202410170706/tools/bin/../lib/gcc/arm-none-eabi/13.3.1/thumb/v8-m.main+fp/hard/crtend.o
LOAD /home/absqua/st/stm32cubeide_1.18.1/plugins/com.st.stm32cube.ide.mcu.externaltools.gnu-tools-for-stm32.13.3.rel1.linux64_1.0.0.202410170706/tools/bin/../lib/gcc/arm-none-eabi/13.3.1/thumb/v8-m.main+fp/hard/crtn.o
                0x20030000                        _estack = (ORIGIN (RAM) + LENGTH (RAM))
                0x00000400                        _Min_Heap_Size = 0x400
                0x00000800                        _Min_Stack_Size = 0x800

.isr_vector     0x08000000      0x1f8
                0x08000000                        . = ALIGN (0x8)
 *(.isr_vector)
 .isr_vector    0x08000000      0x1f4 ./Example/Startup/startup_stm32l562qeixq.o
                0x08000000                g_pfnVectors
                0x080001f8                        . = ALIGN (0x8)
 *fill*         0x080001f4        0x4 

.text           0x080001f8     0x7770
                0x080001f8                        . = ALIGN (0x8)
 *(.text)
 .text          0x080001f8       0x40 /home/absqua/st/stm32cubeide_1.18.1/plugins/com.st.stm32cube.ide.mcu.externaltools.gnu-tools-for-stm32.13.3.rel1.linux64_1.0.0.202410170706/tools/bin/../lib/gcc/arm-none-eabi/13.3.1/thumb/v8-m.main+fp/hard/crtbegin.o
 *(.text*)
 .text.SystemInit
                0x08000238       0x24 ./Drivers/CMSIS/system_stm32l5xx.o
                0x08000238                SystemInit
 .text.SystemCoreClockUpdate
                0x0800025c      0x158 ./Drivers/CMSIS/system_stm32l5xx.o
                0x0800025c                SystemCoreClockUpdate
 .text.HAL_Init
                0x080003b4       0x34 ./Drivers/STM32L5xx_HAL_Driver/stm32l5xx_hal.o
                0x080003b4                HAL_Init
 .text.HAL_MspInit
                0x080003e8        0xe ./Drivers/STM32L5xx_HAL_Driver/stm32l5xx_hal.o
                0x080003e8                HAL_MspInit
 *fill*         0x080003f6        0x2 
 .text.HAL_InitTick
                0x080003f8       0x78 ./Drivers/STM32L5xx_HAL_Driver/stm32l5xx_hal.o
                0x080003f8                HAL_InitTick
 .text.HAL_IncTick
                0x08000470       0x28 ./Drivers/STM32L5xx_HAL_Driver/stm32l5xx_hal.o
                0x08000470                HAL_IncTick
 .text.HAL_GetTick
                0x08000498       0x18 ./Drivers/STM32L5xx_HAL_Driver/stm32l5xx_hal.o
                0x08000498                HAL_GetTick
 .text.HAL_Delay
                0x080004b0       0x48 ./Drivers/STM32L5xx_HAL_Driver/stm32l5xx_hal.o
                0x080004b0                HAL_Delay
 .text.__NVIC_SetPriorityGrouping
                0x080004f8       0x48 ./Drivers/STM32L5xx_HAL_Driver/stm32l5xx_hal_cortex.o
 .text.__NVIC_GetPriorityGrouping
                0x08000540       0x1c ./Drivers/STM32L5xx_HAL_Driver/stm32l5xx_hal_cortex.o
 .text.__NVIC_EnableIRQ
                0x0800055c       0x3c ./Drivers/STM32L5xx_HAL_Driver/stm32l5xx_hal_cortex.o
 .text.__NVIC_SetPriority
                0x08000598       0x54 ./Drivers/STM32L5xx_HAL_Driver/stm32l5xx_hal_cortex.o
 .text.NVIC_EncodePriority
                0x080005ec       0x66 ./Drivers/STM32L5xx_HAL_Driver/stm32l5xx_hal_cortex.o
 *fill*         0x08000652        0x2 
 .text.SysTick_Config
                0x08000654       0x44 ./Drivers/STM32L5xx_HAL_Driver/stm32l5xx_hal_cortex.o
 .text.HAL_NVIC_SetPriorityGrouping
                0x08000698       0x16 ./Drivers/STM32L5xx_HAL_Driver/stm32l5xx_hal_cortex.o
                0x08000698                HAL_NVIC_SetPriorityGrouping
 .text.HAL_NVIC_SetPriority
                0x080006ae       0x34 ./Drivers/STM32L5xx_HAL_Driver/stm32l5xx_hal_cortex.o
                0x080006ae                HAL_NVIC_SetPriority
 .text.HAL_NVIC_EnableIRQ
                0x080006e2       0x1c ./Drivers/STM32L5xx_HAL_Driver/stm32l5xx_hal_cortex.o
                0x080006e2                HAL_NVIC_EnableIRQ
 .text.HAL_SYSTICK_Config
                0x080006fe       0x18 ./Drivers/STM32L5xx_HAL_Driver/stm32l5xx_hal_cortex.o
                0x080006fe                HAL_SYSTICK_Config
 .text.HAL_EXTI_RegisterCallback
                0x08000716       0x58 ./Drivers/STM32L5xx_HAL_Driver/stm32l5xx_hal_exti.o
                0x08000716                HAL_EXTI_RegisterCallback
 .text.HAL_EXTI_GetHandle
                0x0800076e       0x28 ./Drivers/STM32L5xx_HAL_Driver/stm32l5xx_hal_exti.o
                0x0800076e                HAL_EXTI_GetHandle
 *fill*         0x08000796        0x2 
 .text.HAL_EXTI_IRQHandler
                0x08000798       0x90 ./Drivers/STM32L5xx_HAL_Driver/stm32l5xx_hal_exti.o
                0x08000798                HAL_EXTI_IRQHandler
 .text.HAL_EXTI_GetPending
                0x08000828       0x6c ./Drivers/STM32L5xx_HAL_Driver/stm32l5xx_hal_exti.o
                0x08000828                HAL_EXTI_GetPending
 .text.HAL_EXTI_ClearPending
                0x08000894       0x5c ./Drivers/STM32L5xx_HAL_Driver/stm32l5xx_hal_exti.o
                0x08000894                HAL_EXTI_ClearPending
 .text.HAL_GPIO_Init
                0x080008f0      0x300 ./Drivers/STM32L5xx_HAL_Driver/stm32l5xx_hal_gpio.o
                0x080008f0                HAL_GPIO_Init
 .text.HAL_GPIO_DeInit
                0x08000bf0      0x1dc ./Drivers/STM32L5xx_HAL_Driver/stm32l5xx_hal_gpio.o
                0x08000bf0                HAL_GPIO_DeInit
 .text.HAL_GPIO_WritePin
                0x08000dcc       0x30 ./Drivers/STM32L5xx_HAL_Driver/stm32l5xx_hal_gpio.o
                0x08000dcc                HAL_GPIO_WritePin
 .text.HAL_GPIO_TogglePin
                0x08000dfc       0x34 ./Drivers/STM32L5xx_HAL_Driver/stm32l5xx_hal_gpio.o
                0x08000dfc                HAL_GPIO_TogglePin
 .text.HAL_I2C_Init
                0x08000e30      0x11e ./Drivers/STM32L5xx_HAL_Driver/stm32l5xx_hal_i2c.o
                0x08000e30                HAL_I2C_Init
 .text.HAL_I2C_DeInit
                0x08000f4e       0x5e ./Drivers/STM32L5xx_HAL_Driver/stm32l5xx_hal_i2c.o
                0x08000f4e                HAL_I2C_DeInit
 .text.HAL_I2C_MspInit
                0x08000fac       0x14 ./Drivers/STM32L5xx_HAL_Driver/stm32l5xx_hal_i2c.o
                0x08000fac                HAL_I2C_MspInit
 .text.HAL_I2C_MspDeInit
                0x08000fc0       0x14 ./Drivers/STM32L5xx_HAL_Driver/stm32l5xx_hal_i2c.o
                0x08000fc0                HAL_I2C_MspDeInit
 .text.HAL_I2C_Mem_Write
                0x08000fd4      0x228 ./Drivers/STM32L5xx_HAL_Driver/stm32l5xx_hal_i2c.o
                0x08000fd4                HAL_I2C_Mem_Write
 .text.HAL_I2C_Mem_Read
                0x080011fc      0x234 ./Drivers/STM32L5xx_HAL_Driver/stm32l5xx_hal_i2c.o
                0x080011fc                HAL_I2C_Mem_Read
 .text.HAL_I2C_GetState
                0x08001430       0x1c ./Drivers/STM32L5xx_HAL_Driver/stm32l5xx_hal_i2c.o
                0x08001430                HAL_I2C_GetState
 .text.HAL_I2C_GetError
                0x0800144c       0x18 ./Drivers/STM32L5xx_HAL_Driver/stm32l5xx_hal_i2c.o
                0x0800144c                HAL_I2C_GetError
 .text.I2C_RequestMemoryWrite
                0x08001464       0xa8 ./Drivers/STM32L5xx_HAL_Driver/stm32l5xx_hal_i2c.o
 .text.I2C_RequestMemoryRead
                0x0800150c       0xa8 ./Drivers/STM32L5xx_HAL_Driver/stm32l5xx_hal_i2c.o
 .text.I2C_Flush_TXDR
                0x080015b4       0x48 ./Drivers/STM32L5xx_HAL_Driver/stm32l5xx_hal_i2c.o
 .text.I2C_WaitOnFlagUntilTimeout
                0x080015fc       0x9e ./Drivers/STM32L5xx_HAL_Driver/stm32l5xx_hal_i2c.o
 .text.I2C_WaitOnTXISFlagUntilTimeout
                0x0800169a       0x8e ./Drivers/STM32L5xx_HAL_Driver/stm32l5xx_hal_i2c.o
 .text.I2C_WaitOnSTOPFlagUntilTimeout
                0x08001728       0x86 ./Drivers/STM32L5xx_HAL_Driver/stm32l5xx_hal_i2c.o
 *fill*         0x080017ae        0x2 
 .text.I2C_IsErrorOccurred
                0x080017b0      0x1c0 ./Drivers/STM32L5xx_HAL_Driver/stm32l5xx_hal_i2c.o
 .text.I2C_TransferConfig
                0x08001970       0x64 ./Drivers/STM32L5xx_HAL_Driver/stm32l5xx_hal_i2c.o
 .text.HAL_I2CEx_ConfigAnalogFilter
                0x080019d4       0x96 ./Drivers/STM32L5xx_HAL_Driver/stm32l5xx_hal_i2c_ex.o
                0x080019d4                HAL_I2CEx_ConfigAnalogFilter
 .text.HAL_I2CEx_ConfigDigitalFilter
                0x08001a6a       0x98 ./Drivers/STM32L5xx_HAL_Driver/stm32l5xx_hal_i2c_ex.o
                0x08001a6a                HAL_I2CEx_ConfigDigitalFilter
 *fill*         0x08001b02        0x2 
 .text.HAL_PWREx_GetVoltageRange
                0x08001b04       0x1c ./Drivers/STM32L5xx_HAL_Driver/stm32l5xx_hal_pwr_ex.o
                0x08001b04                HAL_PWREx_GetVoltageRange
 .text.HAL_PWREx_ControlVoltageScaling
                0x08001b20       0xb8 ./Drivers/STM32L5xx_HAL_Driver/stm32l5xx_hal_pwr_ex.o
                0x08001b20                HAL_PWREx_ControlVoltageScaling
 .text.HAL_PWREx_EnableVddIO2
                0x08001bd8       0x20 ./Drivers/STM32L5xx_HAL_Driver/stm32l5xx_hal_pwr_ex.o
                0x08001bd8                HAL_PWREx_EnableVddIO2
 .text.HAL_PWREx_SMPS_GetEffectiveMode
                0x08001bf8       0x48 ./Drivers/STM32L5xx_HAL_Driver/stm32l5xx_hal_pwr_ex.o
                0x08001bf8                HAL_PWREx_SMPS_GetEffectiveMode
 .text.HAL_RCC_OscConfig
                0x08001c40      0x9ac ./Drivers/STM32L5xx_HAL_Driver/stm32l5xx_hal_rcc.o
                0x08001c40                HAL_RCC_OscConfig
 .text.HAL_RCC_ClockConfig
                0x080025ec      0x270 ./Drivers/STM32L5xx_HAL_Driver/stm32l5xx_hal_rcc.o
                0x080025ec                HAL_RCC_ClockConfig
 .text.HAL_RCC_GetSysClockFreq
                0x0800285c      0x138 ./Drivers/STM32L5xx_HAL_Driver/stm32l5xx_hal_rcc.o
                0x0800285c                HAL_RCC_GetSysClockFreq
 .text.HAL_RCC_GetHCLKFreq
                0x08002994       0x28 ./Drivers/STM32L5xx_HAL_Driver/stm32l5xx_hal_rcc.o
                0x08002994                HAL_RCC_GetHCLKFreq
 .text.RCC_SetFlashLatencyFromMSIRange
                0x080029bc       0xc8 ./Drivers/STM32L5xx_HAL_Driver/stm32l5xx_hal_rcc.o
 .text.RCC_GetSysClockFreqFromPLLSource
                0x08002a84       0xd8 ./Drivers/STM32L5xx_HAL_Driver/stm32l5xx_hal_rcc.o
 .text.HAL_SRAM_Init
                0x08002b5c       0x90 ./Drivers/STM32L5xx_HAL_Driver/stm32l5xx_hal_sram.o
                0x08002b5c                HAL_SRAM_Init
 .text.HAL_SRAM_DeInit
                0x08002bec       0x3a ./Drivers/STM32L5xx_HAL_Driver/stm32l5xx_hal_sram.o
                0x08002bec                HAL_SRAM_DeInit
 .text.HAL_SRAM_MspInit
                0x08002c26       0x14 ./Drivers/STM32L5xx_HAL_Driver/stm32l5xx_hal_sram.o
                0x08002c26                HAL_SRAM_MspInit
 .text.HAL_SRAM_MspDeInit
                0x08002c3a       0x14 ./Drivers/STM32L5xx_HAL_Driver/stm32l5xx_hal_sram.o
                0x08002c3a                HAL_SRAM_MspDeInit
 .text.HAL_SRAM_GetState
                0x08002c4e       0x1c ./Drivers/STM32L5xx_HAL_Driver/stm32l5xx_hal_sram.o
                0x08002c4e                HAL_SRAM_GetState
 *fill*         0x08002c6a        0x2 
 .text.FMC_NORSRAM_Init
                0x08002c6c      0x19c ./Drivers/STM32L5xx_HAL_Driver/stm32l5xx_ll_fmc.o
                0x08002c6c                FMC_NORSRAM_Init
 .text.FMC_NORSRAM_DeInit
                0x08002e08       0xba ./Drivers/STM32L5xx_HAL_Driver/stm32l5xx_ll_fmc.o
                0x08002e08                FMC_NORSRAM_DeInit
 .text.FMC_NORSRAM_Timing_Init
                0x08002ec2       0xa4 ./Drivers/STM32L5xx_HAL_Driver/stm32l5xx_ll_fmc.o
                0x08002ec2                FMC_NORSRAM_Timing_Init
 .text.FMC_NORSRAM_Extended_Timing_Init
                0x08002f66       0x74 ./Drivers/STM32L5xx_HAL_Driver/stm32l5xx_ll_fmc.o
                0x08002f66                FMC_NORSRAM_Extended_Timing_Init
 *fill*         0x08002fda        0x2 
 .text.FT6X06_RegisterBusIO
                0x08002fdc       0x84 ./Drivers/TicTacToe/Components/ft6x06.o
                0x08002fdc                FT6X06_RegisterBusIO
 .text.FT6X06_GetCapabilities
                0x08003060       0x36 ./Drivers/TicTacToe/Components/ft6x06.o
                0x08003060                FT6X06_GetCapabilities
 .text.FT6X06_Init
                0x08003096       0x48 ./Drivers/TicTacToe/Components/ft6x06.o
                0x08003096                FT6X06_Init
 .text.FT6X06_DeInit
                0x080030de       0x28 ./Drivers/TicTacToe/Components/ft6x06.o
                0x080030de                FT6X06_DeInit
 .text.FT6X06_GestureConfig
                0x08003106       0xc2 ./Drivers/TicTacToe/Components/ft6x06.o
                0x08003106                FT6X06_GestureConfig
 .text.FT6X06_ReadID
                0x080031c8       0x2e ./Drivers/TicTacToe/Components/ft6x06.o
                0x080031c8                FT6X06_ReadID
 .text.FT6X06_GetState
                0x080031f6       0x66 ./Drivers/TicTacToe/Components/ft6x06.o
                0x080031f6                FT6X06_GetState
 .text.FT6X06_GetMultiTouchState
                0x0800325c       0xc6 ./Drivers/TicTacToe/Components/ft6x06.o
                0x0800325c                FT6X06_GetMultiTouchState
 .text.FT6X06_GetGesture
                0x08003322       0x20 ./Drivers/TicTacToe/Components/ft6x06.o
                0x08003322                FT6X06_GetGesture
 .text.FT6X06_EnableIT
                0x08003342       0x1e ./Drivers/TicTacToe/Components/ft6x06.o
                0x08003342                FT6X06_EnableIT
 .text.FT6X06_DisableIT
                0x08003360       0x1e ./Drivers/TicTacToe/Components/ft6x06.o
                0x08003360                FT6X06_DisableIT
 .text.FT6X06_ITStatus
                0x0800337e       0x16 ./Drivers/TicTacToe/Components/ft6x06.o
                0x0800337e                FT6X06_ITStatus
 .text.FT6X06_ClearIT
                0x08003394       0x16 ./Drivers/TicTacToe/Components/ft6x06.o
                0x08003394                FT6X06_ClearIT
 .text.FT6X06_DetectTouch
                0x080033aa       0x40 ./Drivers/TicTacToe/Components/ft6x06.o
 .text.ReadRegWrap
                0x080033ea       0x34 ./Drivers/TicTacToe/Components/ft6x06.o
 .text.WriteRegWrap
                0x0800341e       0x34 ./Drivers/TicTacToe/Components/ft6x06.o
 .text.ft6x06_read_reg
                0x08003452       0x2e ./Drivers/TicTacToe/Components/ft6x06_reg.o
                0x08003452                ft6x06_read_reg
 .text.ft6x06_write_reg
                0x08003480       0x2e ./Drivers/TicTacToe/Components/ft6x06_reg.o
                0x08003480                ft6x06_write_reg
 .text.ft6x06_gest_id
                0x080034ae       0x20 ./Drivers/TicTacToe/Components/ft6x06_reg.o
                0x080034ae                ft6x06_gest_id
 .text.ft6x06_td_status
                0x080034ce       0x3e ./Drivers/TicTacToe/Components/ft6x06_reg.o
                0x080034ce                ft6x06_td_status
 .text.ft6x06_radian_value
                0x0800350c       0x22 ./Drivers/TicTacToe/Components/ft6x06_reg.o
                0x0800350c                ft6x06_radian_value
 .text.ft6x06_offset_left_right
                0x0800352e       0x22 ./Drivers/TicTacToe/Components/ft6x06_reg.o
                0x0800352e                ft6x06_offset_left_right
 .text.ft6x06_offset_up_down
                0x08003550       0x22 ./Drivers/TicTacToe/Components/ft6x06_reg.o
                0x08003550                ft6x06_offset_up_down
 .text.ft6x06_disatnce_left_right
                0x08003572       0x22 ./Drivers/TicTacToe/Components/ft6x06_reg.o
                0x08003572                ft6x06_disatnce_left_right
 .text.ft6x06_distance_up_down
                0x08003594       0x22 ./Drivers/TicTacToe/Components/ft6x06_reg.o
                0x08003594                ft6x06_distance_up_down
 .text.ft6x06_distance_zoom
                0x080035b6       0x22 ./Drivers/TicTacToe/Components/ft6x06_reg.o
                0x080035b6                ft6x06_distance_zoom
 .text.ft6x06_g_mode
                0x080035d8       0x22 ./Drivers/TicTacToe/Components/ft6x06_reg.o
                0x080035d8                ft6x06_g_mode
 .text.ft6x06_chip_id
                0x080035fa       0x38 ./Drivers/TicTacToe/Components/ft6x06_reg.o
                0x080035fa                ft6x06_chip_id
 *fill*         0x08003632        0x2 
 .text.ST7789H2_RegisterBusIO
                0x08003634       0x98 ./Drivers/TicTacToe/Components/st7789h2.o
                0x08003634                ST7789H2_RegisterBusIO
 .text.ST7789H2_Init
                0x080036cc      0x49c ./Drivers/TicTacToe/Components/st7789h2.o
                0x080036cc                ST7789H2_Init
 .text.ST7789H2_DeInit
                0x08003b68       0x6a ./Drivers/TicTacToe/Components/st7789h2.o
                0x08003b68                ST7789H2_DeInit
 .text.ST7789H2_ReadID
                0x08003bd2       0x42 ./Drivers/TicTacToe/Components/st7789h2.o
                0x08003bd2                ST7789H2_ReadID
 .text.ST7789H2_DisplayOn
                0x08003c14       0x5e ./Drivers/TicTacToe/Components/st7789h2.o
                0x08003c14                ST7789H2_DisplayOn
 .text.ST7789H2_DisplayOff
                0x08003c72       0x68 ./Drivers/TicTacToe/Components/st7789h2.o
                0x08003c72                ST7789H2_DisplayOff
 .text.ST7789H2_SetBrightness
                0x08003cda       0x1a ./Drivers/TicTacToe/Components/st7789h2.o
                0x08003cda                ST7789H2_SetBrightness
 .text.ST7789H2_GetBrightness
                0x08003cf4       0x1a ./Drivers/TicTacToe/Components/st7789h2.o
                0x08003cf4                ST7789H2_GetBrightness
 .text.ST7789H2_SetOrientation
                0x08003d0e       0x64 ./Drivers/TicTacToe/Components/st7789h2.o
                0x08003d0e                ST7789H2_SetOrientation
 .text.ST7789H2_GetOrientation
                0x08003d72       0x24 ./Drivers/TicTacToe/Components/st7789h2.o
                0x08003d72                ST7789H2_GetOrientation
 .text.ST7789H2_SetCursor
                0x08003d96      0x112 ./Drivers/TicTacToe/Components/st7789h2.o
                0x08003d96                ST7789H2_SetCursor
 .text.ST7789H2_DrawBitmap
                0x08003ea8      0x3d4 ./Drivers/TicTacToe/Components/st7789h2.o
                0x08003ea8                ST7789H2_DrawBitmap
 .text.ST7789H2_FillRGBRect
                0x0800427c      0x13c ./Drivers/TicTacToe/Components/st7789h2.o
                0x0800427c                ST7789H2_FillRGBRect
 .text.ST7789H2_DrawHLine
                0x080043b8       0xce ./Drivers/TicTacToe/Components/st7789h2.o
                0x080043b8                ST7789H2_DrawHLine
 .text.ST7789H2_DrawVLine
                0x08004486       0x54 ./Drivers/TicTacToe/Components/st7789h2.o
                0x08004486                ST7789H2_DrawVLine
 .text.ST7789H2_FillRect
                0x080044da       0x52 ./Drivers/TicTacToe/Components/st7789h2.o
                0x080044da                ST7789H2_FillRect
 .text.ST7789H2_SetPixel
                0x0800452c       0x52 ./Drivers/TicTacToe/Components/st7789h2.o
                0x0800452c                ST7789H2_SetPixel
 .text.ST7789H2_GetPixel
                0x0800457e       0x76 ./Drivers/TicTacToe/Components/st7789h2.o
                0x0800457e                ST7789H2_GetPixel
 .text.ST7789H2_GetXSize
                0x080045f4       0x1e ./Drivers/TicTacToe/Components/st7789h2.o
                0x080045f4                ST7789H2_GetXSize
 .text.ST7789H2_GetYSize
                0x08004612       0x1e ./Drivers/TicTacToe/Components/st7789h2.o
                0x08004612                ST7789H2_GetYSize
 .text.ST7789H2_ReadRegWrap
                0x08004630       0x2e ./Drivers/TicTacToe/Components/st7789h2.o
 .text.ST7789H2_WriteRegWrap
                0x0800465e       0x2e ./Drivers/TicTacToe/Components/st7789h2.o
 .text.ST7789H2_SendDataWrap
                0x0800468c       0x24 ./Drivers/TicTacToe/Components/st7789h2.o
 .text.ST7789H2_Delay
                0x080046b0       0x34 ./Drivers/TicTacToe/Components/st7789h2.o
 .text.st7789h2_read_reg
                0x080046e4       0x2a ./Drivers/TicTacToe/Components/st7789h2_reg.o
                0x080046e4                st7789h2_read_reg
 .text.st7789h2_write_reg
                0x0800470e       0x2a ./Drivers/TicTacToe/Components/st7789h2_reg.o
                0x0800470e                st7789h2_write_reg
 .text.st7789h2_send_data
                0x08004738       0x24 ./Drivers/TicTacToe/Components/st7789h2_reg.o
                0x08004738                st7789h2_send_data
 .text.TicTacToe_LED_Init
                0x0800475c       0xbc ./Drivers/TicTacToe/STM32L562E-DK/stm32l562e_discovery.o
                0x0800475c                TicTacToe_LED_Init
 .text.TicTacToe_LED_Toggle
                0x08004818       0x38 ./Drivers/TicTacToe/STM32L562E-DK/stm32l562e_discovery.o
                0x08004818                TicTacToe_LED_Toggle
 .text.TicTacToe_PB_Init
                0x08004850      0x134 ./Drivers/TicTacToe/STM32L562E-DK/stm32l562e_discovery.o
                0x08004850                TicTacToe_PB_Init
 .text.TicTacToe_PB_IRQHandler
                0x08004984       0x2c ./Drivers/TicTacToe/STM32L562E-DK/stm32l562e_discovery.o
                0x08004984                TicTacToe_PB_IRQHandler
 .text.BUTTON_USER_EXTI_Callback
                0x080049b0        0xe ./Drivers/TicTacToe/STM32L562E-DK/stm32l562e_discovery.o
 .text.TicTacToe_GetTick
                0x080049be       0x16 ./Drivers/TicTacToe/STM32L562E-DK/stm32l562e_discovery_bus.o
                0x080049be                TicTacToe_GetTick
 .text.TicTacToe_I2C1_Init
                0x080049d4       0x80 ./Drivers/TicTacToe/STM32L562E-DK/stm32l562e_discovery_bus.o
                0x080049d4                TicTacToe_I2C1_Init
 .text.TicTacToe_I2C1_DeInit
                0x08004a54       0x50 ./Drivers/TicTacToe/STM32L562E-DK/stm32l562e_discovery_bus.o
                0x08004a54                TicTacToe_I2C1_DeInit
 .text.MX_I2C1_Init
                0x08004aa4       0x84 ./Drivers/TicTacToe/STM32L562E-DK/stm32l562e_discovery_bus.o
                0x08004aa4                MX_I2C1_Init
 .text.TicTacToe_I2C1_WriteReg
                0x08004b28       0x30 ./Drivers/TicTacToe/STM32L562E-DK/stm32l562e_discovery_bus.o
                0x08004b28                TicTacToe_I2C1_WriteReg
 .text.TicTacToe_I2C1_ReadReg
                0x08004b58       0x30 ./Drivers/TicTacToe/STM32L562E-DK/stm32l562e_discovery_bus.o
                0x08004b58                TicTacToe_I2C1_ReadReg
 .text.I2C1_MspInit
                0x08004b88       0xac ./Drivers/TicTacToe/STM32L562E-DK/stm32l562e_discovery_bus.o
 .text.I2C1_MspDeInit
                0x08004c34       0x40 ./Drivers/TicTacToe/STM32L562E-DK/stm32l562e_discovery_bus.o
 .text.I2C1_WriteReg
                0x08004c74       0xa8 ./Drivers/TicTacToe/STM32L562E-DK/stm32l562e_discovery_bus.o
 .text.I2C1_ReadReg
                0x08004d1c       0xa8 ./Drivers/TicTacToe/STM32L562E-DK/stm32l562e_discovery_bus.o
 .text.I2C_GetTiming
                0x08004dc4      0x100 ./Drivers/TicTacToe/STM32L562E-DK/stm32l562e_discovery_bus.o
 .text.I2C_Compute_PRESC_SCLDEL_SDADEL
                0x08004ec4      0x1dc ./Drivers/TicTacToe/STM32L562E-DK/stm32l562e_discovery_bus.o
 .text.I2C_Compute_SCLL_SCLH
                0x080050a0      0x210 ./Drivers/TicTacToe/STM32L562E-DK/stm32l562e_discovery_bus.o
 .text.TicTacToe_LCD_Init
                0x080052b0       0x42 ./Drivers/TicTacToe/STM32L562E-DK/stm32l562e_discovery_lcd.o
                0x080052b0                TicTacToe_LCD_Init
 *fill*         0x080052f2        0x2 
 .text.TicTacToe_LCD_DisplayOn
                0x080052f4       0x50 ./Drivers/TicTacToe/STM32L562E-DK/stm32l562e_discovery_lcd.o
                0x080052f4                TicTacToe_LCD_DisplayOn
 .text.TicTacToe_LCD_GetXSize
                0x08005344       0x58 ./Drivers/TicTacToe/STM32L562E-DK/stm32l562e_discovery_lcd.o
                0x08005344                TicTacToe_LCD_GetXSize
 .text.TicTacToe_LCD_GetYSize
                0x0800539c       0x58 ./Drivers/TicTacToe/STM32L562E-DK/stm32l562e_discovery_lcd.o
                0x0800539c                TicTacToe_LCD_GetYSize
 .text.TicTacToe_LCD_SetActiveLayer
                0x080053f4       0x28 ./Drivers/TicTacToe/STM32L562E-DK/stm32l562e_discovery_lcd.o
                0x080053f4                TicTacToe_LCD_SetActiveLayer
 .text.TicTacToe_LCD_DrawBitmap
                0x0800541c       0x58 ./Drivers/TicTacToe/STM32L562E-DK/stm32l562e_discovery_lcd.o
                0x0800541c                TicTacToe_LCD_DrawBitmap
 .text.TicTacToe_LCD_FillRGBRect
                0x08005474       0x60 ./Drivers/TicTacToe/STM32L562E-DK/stm32l562e_discovery_lcd.o
                0x08005474                TicTacToe_LCD_FillRGBRect
 .text.TicTacToe_LCD_DrawHLine
                0x080054d4       0x5c ./Drivers/TicTacToe/STM32L562E-DK/stm32l562e_discovery_lcd.o
                0x080054d4                TicTacToe_LCD_DrawHLine
 .text.TicTacToe_LCD_DrawVLine
                0x08005530       0x5c ./Drivers/TicTacToe/STM32L562E-DK/stm32l562e_discovery_lcd.o
                0x08005530                TicTacToe_LCD_DrawVLine
 .text.TicTacToe_LCD_FillRect
                0x0800558c       0x60 ./Drivers/TicTacToe/STM32L562E-DK/stm32l562e_discovery_lcd.o
                0x0800558c                TicTacToe_LCD_FillRect
 .text.TicTacToe_LCD_ReadPixel
                0x080055ec       0x58 ./Drivers/TicTacToe/STM32L562E-DK/stm32l562e_discovery_lcd.o
                0x080055ec                TicTacToe_LCD_ReadPixel
 .text.TicTacToe_LCD_WritePixel
                0x08005644       0x58 ./Drivers/TicTacToe/STM32L562E-DK/stm32l562e_discovery_lcd.o
                0x08005644                TicTacToe_LCD_WritePixel
 .text.TicTacToe_LCD_GetFormat
                0x0800569c       0x30 ./Drivers/TicTacToe/STM32L562E-DK/stm32l562e_discovery_lcd.o
                0x0800569c                TicTacToe_LCD_GetFormat
 .text.MX_FMC_BANK1_Init
                0x080056cc       0xf0 ./Drivers/TicTacToe/STM32L562E-DK/stm32l562e_discovery_lcd.o
                0x080056cc                MX_FMC_BANK1_Init
 .text.ST7789H2_Probe
                0x080057bc       0xf0 ./Drivers/TicTacToe/STM32L562E-DK/stm32l562e_discovery_lcd.o
 .text.ST7789H2_PowerUp
                0x080058ac       0xf4 ./Drivers/TicTacToe/STM32L562E-DK/stm32l562e_discovery_lcd.o
 .text.LCD_FMC_Init
                0x080059a0       0x58 ./Drivers/TicTacToe/STM32L562E-DK/stm32l562e_discovery_lcd.o
 .text.LCD_FMC_DeInit
                0x080059f8       0x30 ./Drivers/TicTacToe/STM32L562E-DK/stm32l562e_discovery_lcd.o
 .text.LCD_FMC_WriteReg16
                0x08005a28       0x80 ./Drivers/TicTacToe/STM32L562E-DK/stm32l562e_discovery_lcd.o
 .text.LCD_FMC_ReadReg16
                0x08005aa8       0x84 ./Drivers/TicTacToe/STM32L562E-DK/stm32l562e_discovery_lcd.o
 .text.LCD_FMC_Send
                0x08005b2c       0x66 ./Drivers/TicTacToe/STM32L562E-DK/stm32l562e_discovery_lcd.o
 .text.LCD_FMC_GetTick
                0x08005b92       0x16 ./Drivers/TicTacToe/STM32L562E-DK/stm32l562e_discovery_lcd.o
 .text.FMC_MspInit
                0x08005ba8       0xe8 ./Drivers/TicTacToe/STM32L562E-DK/stm32l562e_discovery_lcd.o
 .text.FMC_MspDeInit
                0x08005c90       0x5c ./Drivers/TicTacToe/STM32L562E-DK/stm32l562e_discovery_lcd.o
 .text.TicTacToe_TS_Init
                0x08005cec      0x1e0 ./Drivers/TicTacToe/STM32L562E-DK/stm32l562e_discovery_ts.o
                0x08005cec                TicTacToe_TS_Init
 .text.TicTacToe_TS_EnableIT
                0x08005ecc       0x64 ./Drivers/TicTacToe/STM32L562E-DK/stm32l562e_discovery_ts.o
                0x08005ecc                TicTacToe_TS_EnableIT
 .text.TicTacToe_TS_GetState
                0x08005f30      0x238 ./Drivers/TicTacToe/STM32L562E-DK/stm32l562e_discovery_ts.o
                0x08005f30                TicTacToe_TS_GetState
 .text.TicTacToe_TS_IRQHandler
                0x08006168       0x28 ./Drivers/TicTacToe/STM32L562E-DK/stm32l562e_discovery_ts.o
                0x08006168                TicTacToe_TS_IRQHandler
 .text.FT6X06_Probe
                0x08006190       0xcc ./Drivers/TicTacToe/STM32L562E-DK/stm32l562e_discovery_ts.o
 .text.TS_EXTI_Callback
                0x0800625c       0x24 ./Drivers/TicTacToe/STM32L562E-DK/stm32l562e_discovery_ts.o
 .text.Reset_Handler
                0x08006280       0x50 ./Example/Startup/startup_stm32l562qeixq.o
                0x08006280                Reset_Handler
 .text.Default_Handler
                0x080062d0        0x2 ./Example/Startup/startup_stm32l562qeixq.o
                0x080062d0                TIM8_TRG_COM_IRQHandler
                0x080062d0                TIM8_CC_IRQHandler
                0x080062d0                EXTI5_IRQHandler
                0x080062d0                FLASH_S_IRQHandler
                0x080062d0                TIM1_CC_IRQHandler
                0x080062d0                TSC_IRQHandler
                0x080062d0                TAMP_IRQHandler
                0x080062d0                TIM6_IRQHandler
                0x080062d0                EXTI12_IRQHandler
                0x080062d0                DMA2_Channel8_IRQHandler
                0x080062d0                EXTI3_IRQHandler
                0x080062d0                EXTI8_IRQHandler
                0x080062d0                LPTIM2_IRQHandler
                0x080062d0                DFSDM1_FLT1_IRQHandler
                0x080062d0                USB_FS_IRQHandler
                0x080062d0                I2C3_ER_IRQHandler
                0x080062d0                DFSDM1_FLT2_IRQHandler
                0x080062d0                DMAMUX1_IRQHandler
                0x080062d0                LPTIM3_IRQHandler
                0x080062d0                EXTI0_IRQHandler
                0x080062d0                I2C2_EV_IRQHandler
                0x080062d0                FPU_IRQHandler
                0x080062d0                FDCAN1_IT1_IRQHandler
                0x080062d0                ADC1_2_IRQHandler
                0x080062d0                SPI1_IRQHandler
                0x080062d0                OCTOSPI1_IRQHandler
                0x080062d0                TIM8_UP_IRQHandler
                0x080062d0                RCC_S_IRQHandler
                0x080062d0                DMA2_Channel2_IRQHandler
                0x080062d0                SAI2_IRQHandler
                0x080062d0                DFSDM1_FLT3_IRQHandler
                0x080062d0                PKA_IRQHandler
                0x080062d0                EXTI15_IRQHandler
                0x080062d0                TIM17_IRQHandler
                0x080062d0                USART3_IRQHandler
                0x080062d0                RTC_IRQHandler
                0x080062d0                EXTI9_IRQHandler
                0x080062d0                DMA1_Channel7_IRQHandler
                0x080062d0                UART5_IRQHandler
                0x080062d0                TIM4_IRQHandler
                0x080062d0                I2C1_EV_IRQHandler
                0x080062d0                DMA1_Channel6_IRQHandler
                0x080062d0                TIM16_IRQHandler
                0x080062d0                UART4_IRQHandler
                0x080062d0                DMA2_Channel4_IRQHandler
                0x080062d0                SecureFault_Handler
                0x080062d0                TIM3_IRQHandler
                0x080062d0                RCC_IRQHandler
                0x080062d0                TIM1_TRG_COM_IRQHandler
                0x080062d0                DMA1_Channel1_IRQHandler
                0x080062d0                Default_Handler
                0x080062d0                DMA2_Channel7_IRQHandler
                0x080062d0                OTFDEC1_IRQHandler
                0x080062d0                DMA1_Channel8_IRQHandler
                0x080062d0                TIM7_IRQHandler
                0x080062d0                TIM5_IRQHandler
                0x080062d0                UCPD1_IRQHandler
                0x080062d0                TIM15_IRQHandler
                0x080062d0                I2C3_EV_IRQHandler
                0x080062d0                PVD_PVM_IRQHandler
                0x080062d0                SPI2_IRQHandler
                0x080062d0                EXTI14_IRQHandler
                0x080062d0                EXTI11_IRQHandler
                0x080062d0                DMA2_Channel5_IRQHandler
                0x080062d0                CRS_IRQHandler
                0x080062d0                DMA1_Channel5_IRQHandler
                0x080062d0                EXTI4_IRQHandler
                0x080062d0                RTC_S_IRQHandler
                0x080062d0                RNG_IRQHandler
                0x080062d0                DMAMUX1_S_IRQHandler
                0x080062d0                DMA1_Channel3_IRQHandler
                0x080062d0                COMP_IRQHandler
                0x080062d0                TIM1_UP_IRQHandler
                0x080062d0                WWDG_IRQHandler
                0x080062d0                I2C4_EV_IRQHandler
                0x080062d0                LPUART1_IRQHandler
                0x080062d0                DMA2_Channel6_IRQHandler
                0x080062d0                FDCAN1_IT0_IRQHandler
                0x080062d0                TIM2_IRQHandler
                0x080062d0                TAMP_S_IRQHandler
                0x080062d0                EXTI7_IRQHandler
                0x080062d0                TIM1_BRK_IRQHandler
                0x080062d0                DAC_IRQHandler
                0x080062d0                AES_IRQHandler
                0x080062d0                GTZC_IRQHandler
                0x080062d0                USART2_IRQHandler
                0x080062d0                DFSDM1_FLT0_IRQHandler
                0x080062d0                I2C2_ER_IRQHandler
                0x080062d0                DMA1_Channel2_IRQHandler
                0x080062d0                TIM8_BRK_IRQHandler
                0x080062d0                FLASH_IRQHandler
                0x080062d0                USART1_IRQHandler
                0x080062d0                EXTI10_IRQHandler
                0x080062d0                SPI3_IRQHandler
                0x080062d0                I2C1_ER_IRQHandler
                0x080062d0                FMC_IRQHandler
                0x080062d0                EXTI6_IRQHandler
                0x080062d0                LPTIM1_IRQHandler
                0x080062d0                I2C4_ER_IRQHandler
                0x080062d0                ICACHE_IRQHandler
                0x080062d0                SAI1_IRQHandler
                0x080062d0                HASH_IRQHandler
                0x080062d0                DMA2_Channel3_IRQHandler
 *fill*         0x080062d2        0x2 
 .text.main     0x080062d4      0x460 ./Example/User/main.o
                0x080062d4                main
 .text.Clear_Display_Welcome
                0x08006734       0x54 ./Example/User/main.o
 .text.Clear_Display_Board
                0x08006788       0xe8 ./Example/User/main.o
 .text.Display_Text
                0x08006870       0x38 ./Example/User/main.o
 .text.Display_Other_Text
                0x080068a8       0x38 ./Example/User/main.o
 .text.Initialize_Board
                0x080068e0       0x32 ./Example/User/main.o
                0x080068e0                Initialize_Board
 .text.Check_Move_Validity
                0x08006912       0xce ./Example/User/main.o
 .text.Check_Win
                0x080069e0       0xfa ./Example/User/main.o
 .text.Check_Full
                0x08006ada       0x38 ./Example/User/main.o
 *fill*         0x08006b12        0x2 
 .text.SystemClock_Config
                0x08006b14       0xd4 ./Example/User/main.o
 .text.SystemHardwareInit
                0x08006be8      0x148 ./Example/User/main.o
 .text.Error_Handler
                0x08006d30       0x16 ./Example/User/main.o
                0x08006d30                Error_Handler
 *fill*         0x08006d46        0x2 
 .text.TicTacToe_PB_Callback
                0x08006d48       0x28 ./Example/User/main.o
                0x08006d48                TicTacToe_PB_Callback
 .text.TicTacToe_TS_Callback
                0x08006d70       0x24 ./Example/User/main.o
                0x08006d70                TicTacToe_TS_Callback
 .text.NMI_Handler
                0x08006d94        0xe ./Example/User/stm32l5xx_it.o
                0x08006d94                NMI_Handler
 .text.HardFault_Handler
                0x08006da2        0x8 ./Example/User/stm32l5xx_it.o
                0x08006da2                HardFault_Handler
 .text.MemManage_Handler
                0x08006daa        0x8 ./Example/User/stm32l5xx_it.o
                0x08006daa                MemManage_Handler
 .text.BusFault_Handler
                0x08006db2        0x8 ./Example/User/stm32l5xx_it.o
                0x08006db2                BusFault_Handler
 .text.UsageFault_Handler
                0x08006dba        0x8 ./Example/User/stm32l5xx_it.o
                0x08006dba                UsageFault_Handler
 .text.SVC_Handler
                0x08006dc2        0xe ./Example/User/stm32l5xx_it.o
                0x08006dc2                SVC_Handler
 .text.DebugMon_Handler
                0x08006dd0        0x8 ./Example/User/stm32l5xx_it.o
                0x08006dd0                DebugMon_Handler
 .text.PendSV_Handler
                0x08006dd8        0x8 ./Example/User/stm32l5xx_it.o
                0x08006dd8                PendSV_Handler
 .text.SysTick_Handler
                0x08006de0        0xc ./Example/User/stm32l5xx_it.o
                0x08006de0                SysTick_Handler
 .text.EXTI1_IRQHandler
                0x08006dec        0xe ./Example/User/stm32l5xx_it.o
                0x08006dec                EXTI1_IRQHandler
 .text.EXTI2_IRQHandler
                0x08006dfa        0xe ./Example/User/stm32l5xx_it.o
                0x08006dfa                EXTI2_IRQHandler
 .text.EXTI13_IRQHandler
                0x08006e08        0xe ./Example/User/stm32l5xx_it.o
                0x08006e08                EXTI13_IRQHandler
 .text.DMA1_Channel4_IRQHandler
                0x08006e16        0xe ./Example/User/stm32l5xx_it.o
                0x08006e16                DMA1_Channel4_IRQHandler
 .text.DMA2_Channel1_IRQHandler
                0x08006e24        0xe ./Example/User/stm32l5xx_it.o
                0x08006e24                DMA2_Channel1_IRQHandler
 .text.SDMMC1_IRQHandler
                0x08006e32        0xe ./Example/User/stm32l5xx_it.o
                0x08006e32                SDMMC1_IRQHandler
 .text.UTIL_LCD_SetFuncDriver
                0x08006e40       0xac ./Utilities/stm32_lcd.o
                0x08006e40                UTIL_LCD_SetFuncDriver
 .text.UTIL_LCD_SetTextColor
                0x08006eec       0x28 ./Utilities/stm32_lcd.o
                0x08006eec                UTIL_LCD_SetTextColor
 .text.UTIL_LCD_SetBackColor
                0x08006f14       0x28 ./Utilities/stm32_lcd.o
                0x08006f14                UTIL_LCD_SetBackColor
 .text.UTIL_LCD_SetFont
                0x08006f3c       0x28 ./Utilities/stm32_lcd.o
                0x08006f3c                UTIL_LCD_SetFont
 .text.UTIL_LCD_FillRGBRect
                0x08006f64       0x38 ./Utilities/stm32_lcd.o
                0x08006f64                UTIL_LCD_FillRGBRect
 .text.UTIL_LCD_DrawHLine
                0x08006f9c       0x6c ./Utilities/stm32_lcd.o
                0x08006f9c                UTIL_LCD_DrawHLine
 .text.UTIL_LCD_SetPixel
                0x08007008       0x68 ./Utilities/stm32_lcd.o
                0x08007008                UTIL_LCD_SetPixel
 .text.UTIL_LCD_Clear
                0x08007070       0x2c ./Utilities/stm32_lcd.o
                0x08007070                UTIL_LCD_Clear
 .text.UTIL_LCD_DisplayChar
                0x0800709c       0x6c ./Utilities/stm32_lcd.o
                0x0800709c                UTIL_LCD_DisplayChar
 .text.UTIL_LCD_DisplayStringAt
                0x08007108      0x15c ./Utilities/stm32_lcd.o
                0x08007108                UTIL_LCD_DisplayStringAt
 .text.UTIL_LCD_DrawCircle
                0x08007264      0x214 ./Utilities/stm32_lcd.o
                0x08007264                UTIL_LCD_DrawCircle
 .text.UTIL_LCD_FillRect
                0x08007478       0x74 ./Utilities/stm32_lcd.o
                0x08007478                UTIL_LCD_FillRect
 .text.UTIL_LCD_FillCircle
                0x080074ec      0x158 ./Utilities/stm32_lcd.o
                0x080074ec                UTIL_LCD_FillCircle
 .text.DrawChar
                0x08007644      0x2b4 ./Utilities/stm32_lcd.o
 .text.memset   0x080078f8       0x10 /home/absqua/st/stm32cubeide_1.18.1/plugins/com.st.stm32cube.ide.mcu.externaltools.gnu-tools-for-stm32.13.3.rel1.linux64_1.0.0.202410170706/tools/bin/../lib/gcc/arm-none-eabi/13.3.1/../../../../arm-none-eabi/lib/thumb/v8-m.main+fp/hard/libc_nano.a(libc_a-memset.o)
                0x080078f8                memset
 .text.__libc_init_array
                0x08007908       0x48 /home/absqua/st/stm32cubeide_1.18.1/plugins/com.st.stm32cube.ide.mcu.externaltools.gnu-tools-for-stm32.13.3.rel1.linux64_1.0.0.202410170706/tools/bin/../lib/gcc/arm-none-eabi/13.3.1/../../../../arm-none-eabi/lib/thumb/v8-m.main+fp/hard/libc_nano.a(libc_a-init.o)
                0x08007908                __libc_init_array
 *(.glue_7)
 .glue_7        0x08007950        0x0 linker stubs
 *(.glue_7t)
 .glue_7t       0x08007950        0x0 linker stubs
 *(.eh_frame)
 .eh_frame      0x08007950        0x0 /home/absqua/st/stm32cubeide_1.18.1/plugins/com.st.stm32cube.ide.mcu.externaltools.gnu-tools-for-stm32.13.3.rel1.linux64_1.0.0.202410170706/tools/bin/../lib/gcc/arm-none-eabi/13.3.1/thumb/v8-m.main+fp/hard/crtbegin.o
 *(.init)
 .init          0x08007950        0x4 /home/absqua/st/stm32cubeide_1.18.1/plugins/com.st.stm32cube.ide.mcu.externaltools.gnu-tools-for-stm32.13.3.rel1.linux64_1.0.0.202410170706/tools/bin/../lib/gcc/arm-none-eabi/13.3.1/thumb/v8-m.main+fp/hard/crti.o
                0x08007950                _init
 .init          0x08007954        0x8 /home/absqua/st/stm32cubeide_1.18.1/plugins/com.st.stm32cube.ide.mcu.externaltools.gnu-tools-for-stm32.13.3.rel1.linux64_1.0.0.202410170706/tools/bin/../lib/gcc/arm-none-eabi/13.3.1/thumb/v8-m.main+fp/hard/crtn.o
 *(.fini)
 .fini          0x0800795c        0x4 /home/absqua/st/stm32cubeide_1.18.1/plugins/com.st.stm32cube.ide.mcu.externaltools.gnu-tools-for-stm32.13.3.rel1.linux64_1.0.0.202410170706/tools/bin/../lib/gcc/arm-none-eabi/13.3.1/thumb/v8-m.main+fp/hard/crti.o
                0x0800795c                _fini
 .fini          0x08007960        0x8 /home/absqua/st/stm32cubeide_1.18.1/plugins/com.st.stm32cube.ide.mcu.externaltools.gnu-tools-for-stm32.13.3.rel1.linux64_1.0.0.202410170706/tools/bin/../lib/gcc/arm-none-eabi/13.3.1/thumb/v8-m.main+fp/hard/crtn.o
                0x08007968                        . = ALIGN (0x8)
                0x08007968                        _etext = .

.vfp11_veneer   0x08007968        0x0
 .vfp11_veneer  0x08007968        0x0 linker stubs

.v4_bx          0x08007968        0x0
 .v4_bx         0x08007968        0x0 linker stubs

.iplt           0x08007968        0x0
 .iplt          0x08007968        0x0 /home/absqua/st/stm32cubeide_1.18.1/plugins/com.st.stm32cube.ide.mcu.externaltools.gnu-tools-for-stm32.13.3.rel1.linux64_1.0.0.202410170706/tools/bin/../lib/gcc/arm-none-eabi/13.3.1/thumb/v8-m.main+fp/hard/crtbegin.o

.rodata         0x08007968     0x2c80
                0x08007968                        . = ALIGN (0x8)
 *(.rodata)
 .rodata        0x08007968       0x9a ./Example/User/main.o
 *(.rodata*)
 *fill*         0x08007a02        0x2 
 .rodata.AHBPrescTable
                0x08007a04       0x10 ./Drivers/CMSIS/system_stm32l5xx.o
                0x08007a04                AHBPrescTable
 .rodata.MSIRangeTable
                0x08007a14       0x40 ./Drivers/CMSIS/system_stm32l5xx.o
                0x08007a14                MSIRangeTable
 .rodata.I2C_Charac
                0x08007a54       0x84 ./Drivers/TicTacToe/STM32L562E-DK/stm32l562e_discovery_bus.o
 .rodata.Font24_Table
                0x08007ad8     0x1ab8 ./Utilities/stm32_lcd.o
                0x08007ad8                Font24_Table
 .rodata.Font16_Table
                0x08009590      0xbe0 ./Utilities/stm32_lcd.o
                0x08009590                Font16_Table
 .rodata.Font12_Table
                0x0800a170      0x474 ./Utilities/stm32_lcd.o
                0x0800a170                Font12_Table
                0x0800a5e8                        . = ALIGN (0x8)
 *fill*         0x0800a5e4        0x4 

.rel.dyn        0x0800a5e8        0x0
 .rel.iplt      0x0800a5e8        0x0 /home/absqua/st/stm32cubeide_1.18.1/plugins/com.st.stm32cube.ide.mcu.externaltools.gnu-tools-for-stm32.13.3.rel1.linux64_1.0.0.202410170706/tools/bin/../lib/gcc/arm-none-eabi/13.3.1/thumb/v8-m.main+fp/hard/crtbegin.o

.ARM.extab      0x0800a5e8        0x0
                0x0800a5e8                        . = ALIGN (0x8)
 *(.ARM.extab* .gnu.linkonce.armextab.*)
                0x0800a5e8                        . = ALIGN (0x8)

.ARM            0x0800a5e8        0x0
                0x0800a5e8                        . = ALIGN (0x8)
                0x0800a5e8                        __exidx_start = .
 *(.ARM.exidx*)
                0x0800a5e8                        __exidx_end = .
                0x0800a5e8                        . = ALIGN (0x8)

.preinit_array  0x0800a5e8        0x0
                0x0800a5e8                        . = ALIGN (0x8)
                0x0800a5e8                        PROVIDE (__preinit_array_start = .)
 *(.preinit_array*)
                0x0800a5e8                        PROVIDE (__preinit_array_end = .)
                0x0800a5e8                        . = ALIGN (0x8)

.init_array     0x0800a5e8        0x8
                0x0800a5e8                        . = ALIGN (0x8)
                0x0800a5e8                        PROVIDE (__init_array_start = .)
 *(SORT_BY_NAME(.init_array.*))
 *(.init_array*)
 .init_array    0x0800a5e8        0x4 /home/absqua/st/stm32cubeide_1.18.1/plugins/com.st.stm32cube.ide.mcu.externaltools.gnu-tools-for-stm32.13.3.rel1.linux64_1.0.0.202410170706/tools/bin/../lib/gcc/arm-none-eabi/13.3.1/thumb/v8-m.main+fp/hard/crtbegin.o
                0x0800a5ec                        PROVIDE (__init_array_end = .)
                0x0800a5f0                        . = ALIGN (0x8)
 *fill*         0x0800a5ec        0x4 

.fini_array     0x0800a5f0        0x8
                0x0800a5f0                        . = ALIGN (0x8)
                [!provide]                        PROVIDE (__fini_array_start = .)
 *(SORT_BY_NAME(.fini_array.*))
 *(.fini_array*)
 .fini_array    0x0800a5f0        0x4 /home/absqua/st/stm32cubeide_1.18.1/plugins/com.st.stm32cube.ide.mcu.externaltools.gnu-tools-for-stm32.13.3.rel1.linux64_1.0.0.202410170706/tools/bin/../lib/gcc/arm-none-eabi/13.3.1/thumb/v8-m.main+fp/hard/crtbegin.o
                [!provide]                        PROVIDE (__fini_array_end = .)
                0x0800a5f8                        . = ALIGN (0x8)
 *fill*         0x0800a5f4        0x4 
                0x0800a5f8                        _sidata = LOADADDR (.data)

.data           0x20000000       0xe0 load address 0x0800a5f8
                0x20000000                        . = ALIGN (0x8)
                0x20000000                        _sdata = .
 *(.data)
 *(.data*)
 .data.SystemCoreClock
                0x20000000        0x4 ./Drivers/CMSIS/system_stm32l5xx.o
                0x20000000                SystemCoreClock
 .data.uwTickPrio
                0x20000004        0x4 ./Drivers/STM32L5xx_HAL_Driver/stm32l5xx_hal.o
                0x20000004                uwTickPrio
 .data.uwTickFreq
                0x20000008        0x1 ./Drivers/STM32L5xx_HAL_Driver/stm32l5xx_hal.o
                0x20000008                uwTickFreq
 *fill*         0x20000009        0x3 
 .data.FT6X06_TS_Driver
                0x2000000c       0x30 ./Drivers/TicTacToe/Components/ft6x06.o
                0x2000000c                FT6X06_TS_Driver
 .data.ST7789H2_Driver
                0x2000003c       0x4c ./Drivers/TicTacToe/Components/st7789h2.o
                0x2000003c                ST7789H2_Driver
 .data.LED_PIN  0x20000088        0x4 ./Drivers/TicTacToe/STM32L562E-DK/stm32l562e_discovery.o
 .data.LED_PORT
                0x2000008c        0x8 ./Drivers/TicTacToe/STM32L562E-DK/stm32l562e_discovery.o
 .data.BUTTON_PIN
                0x20000094        0x2 ./Drivers/TicTacToe/STM32L562E-DK/stm32l562e_discovery.o
 *fill*         0x20000096        0x2 
 .data.BUTTON_PORT
                0x20000098        0x4 ./Drivers/TicTacToe/STM32L562E-DK/stm32l562e_discovery.o
 .data.BUTTON_IRQn
                0x2000009c        0x1 ./Drivers/TicTacToe/STM32L562E-DK/stm32l562e_discovery.o
 .data.TsPollingMode
                0x2000009d        0x1 ./Drivers/TicTacToe/STM32L562E-DK/stm32l562e_discovery_ts.o
 *fill*         0x2000009e        0x2 
 .data.Ts_IRQn  0x200000a0        0x1 ./Drivers/TicTacToe/STM32L562E-DK/stm32l562e_discovery_ts.o
                0x200000a0                Ts_IRQn
 *fill*         0x200000a1        0x3 
 .data.liuids   0x200000a4       0x1e ./Example/User/main.o
                0x200000a4                liuids
 .data.PreviousState
                0x200000c2        0x1 ./Example/User/main.o
                0x200000c2                PreviousState
 *fill*         0x200000c3        0x1 
 .data.Font24   0x200000c4        0x8 ./Utilities/stm32_lcd.o
                0x200000c4                Font24
 .data.Font16   0x200000cc        0x8 ./Utilities/stm32_lcd.o
                0x200000cc                Font16
 .data.Font12   0x200000d4        0x8 ./Utilities/stm32_lcd.o
                0x200000d4                Font12
                0x200000e0                        . = ALIGN (0x8)
 *fill*         0x200000dc        0x4 
                0x200000e0                        _edata = .

.igot.plt       0x200000e0        0x0 load address 0x0800a6d8
 .igot.plt      0x200000e0        0x0 /home/absqua/st/stm32cubeide_1.18.1/plugins/com.st.stm32cube.ide.mcu.externaltools.gnu-tools-for-stm32.13.3.rel1.linux64_1.0.0.202410170706/tools/bin/../lib/gcc/arm-none-eabi/13.3.1/thumb/v8-m.main+fp/hard/crtbegin.o
                0x200000e0                        . = ALIGN (0x8)

.bss            0x200000e0      0xc48 load address 0x0800a6d8
                0x200000e0                        _sbss = .
                0x200000e0                        __bss_start__ = _sbss
 *(.bss)
 .bss           0x200000e0       0x1c /home/absqua/st/stm32cubeide_1.18.1/plugins/com.st.stm32cube.ide.mcu.externaltools.gnu-tools-for-stm32.13.3.rel1.linux64_1.0.0.202410170706/tools/bin/../lib/gcc/arm-none-eabi/13.3.1/thumb/v8-m.main+fp/hard/crtbegin.o
 *(.bss*)
 .bss.uwTick    0x200000fc        0x4 ./Drivers/STM32L5xx_HAL_Driver/stm32l5xx_hal.o
                0x200000fc                uwTick
 .bss.hpb_exti  0x20000100        0xc ./Drivers/TicTacToe/STM32L562E-DK/stm32l562e_discovery.o
 .bss.I2c1InitCounter
                0x2000010c        0x4 ./Drivers/TicTacToe/STM32L562E-DK/stm32l562e_discovery_bus.o
 .bss.I2c_valid_timing
                0x20000110      0xa00 ./Drivers/TicTacToe/STM32L562E-DK/stm32l562e_discovery_bus.o
 .bss.I2c_valid_timing_nbr
                0x20000b10        0x4 ./Drivers/TicTacToe/STM32L562E-DK/stm32l562e_discovery_bus.o
 .bss.hbus_i2c1
                0x20000b14       0x54 ./Drivers/TicTacToe/STM32L562E-DK/stm32l562e_discovery_bus.o
                0x20000b14                hbus_i2c1
 .bss.hlcd_sram
                0x20000b68       0x58 ./Drivers/TicTacToe/STM32L562E-DK/stm32l562e_discovery_lcd.o
                0x20000b68                hlcd_sram
 .bss.Lcd_CompObj
                0x20000bc0        0x4 ./Drivers/TicTacToe/STM32L562E-DK/stm32l562e_discovery_lcd.o
                0x20000bc0                Lcd_CompObj
 .bss.Lcd_Drv   0x20000bc4        0x4 ./Drivers/TicTacToe/STM32L562E-DK/stm32l562e_discovery_lcd.o
                0x20000bc4                Lcd_Drv
 .bss.SramTiming.2
                0x20000bc8       0x20 ./Drivers/TicTacToe/STM32L562E-DK/stm32l562e_discovery_lcd.o
 .bss.ExtendedTiming.1
                0x20000be8       0x20 ./Drivers/TicTacToe/STM32L562E-DK/stm32l562e_discovery_lcd.o
 .bss.ST7789H2Obj.0
                0x20000c08       0x34 ./Drivers/TicTacToe/STM32L562E-DK/stm32l562e_discovery_lcd.o
 .bss.Ts_CompObj
                0x20000c3c        0x4 ./Drivers/TicTacToe/STM32L562E-DK/stm32l562e_discovery_ts.o
                0x20000c3c                Ts_CompObj
 .bss.Ts_Drv    0x20000c40        0x4 ./Drivers/TicTacToe/STM32L562E-DK/stm32l562e_discovery_ts.o
                0x20000c40                Ts_Drv
 .bss.Ts_Ctx    0x20000c44       0x20 ./Drivers/TicTacToe/STM32L562E-DK/stm32l562e_discovery_ts.o
                0x20000c44                Ts_Ctx
 .bss.hts_exti  0x20000c64        0xc ./Drivers/TicTacToe/STM32L562E-DK/stm32l562e_discovery_ts.o
                0x20000c64                hts_exti
 .bss.FT6X06Obj.0
                0x20000c70       0x28 ./Drivers/TicTacToe/STM32L562E-DK/stm32l562e_discovery_ts.o
 .bss.UserButtonPressed
                0x20000c98        0x1 ./Example/User/main.o
                0x20000c98                UserButtonPressed
 .bss.TouchDetected
                0x20000c99        0x1 ./Example/User/main.o
                0x20000c99                TouchDetected
 .bss.x         0x20000c9a        0x2 ./Example/User/main.o
                0x20000c9a                x
 .bss.y         0x20000c9c        0x2 ./Example/User/main.o
                0x20000c9c                y
 .bss.ix        0x20000c9e        0x1 ./Example/User/main.o
                0x20000c9e                ix
 .bss.iy        0x20000c9f        0x1 ./Example/User/main.o
                0x20000c9f                iy
 .bss.Touch     0x20000ca0        0x1 ./Example/User/main.o
                0x20000ca0                Touch
 .bss.Valid     0x20000ca1        0x1 ./Example/User/main.o
                0x20000ca1                Valid
 .bss.Win       0x20000ca2        0x1 ./Example/User/main.o
                0x20000ca2                Win
 .bss.Full      0x20000ca3        0x1 ./Example/User/main.o
                0x20000ca3                Full
 .bss.Button    0x20000ca4        0x1 ./Example/User/main.o
                0x20000ca4                Button
 .bss.State     0x20000ca5        0x1 ./Example/User/main.o
                0x20000ca5                State
 *fill*         0x20000ca6        0x2 
 .bss.BoardState
                0x20000ca8        0x9 ./Example/User/main.o
                0x20000ca8                BoardState
 .bss.ButtonInitialized
                0x20000cb1        0x1 ./Example/User/main.o
                0x20000cb1                ButtonInitialized
 .bss.LcdInitialized
                0x20000cb2        0x1 ./Example/User/main.o
                0x20000cb2                LcdInitialized
 .bss.LedInitialized
                0x20000cb3        0x1 ./Example/User/main.o
                0x20000cb3                LedInitialized
 .bss.TsInitialized
                0x20000cb4        0x1 ./Example/User/main.o
                0x20000cb4                TsInitialized
 *fill*         0x20000cb5        0x3 
 .bss.DrawProp  0x20000cb8       0x40 ./Utilities/stm32_lcd.o
 .bss.FuncDriver
                0x20000cf8       0x2c ./Utilities/stm32_lcd.o
 *(COMMON)
                0x20000d28                        . = ALIGN (0x8)
 *fill*         0x20000d24        0x4 
                0x20000d28                        _ebss = .
                0x20000d28                        __bss_end__ = _ebss

._user_heap_stack
                0x20000d28      0xc00 load address 0x0800a6d8
                0x20000d28                        . = ALIGN (0x8)
                [!provide]                        PROVIDE (end = .)
                0x20000d28                        PROVIDE (_end = .)
                0x20001128                        . = (. + _Min_Heap_Size)
 *fill*         0x20000d28      0x400 
                0x20001928                        . = (. + _Min_Stack_Size)
 *fill*         0x20001128      0x800 
                0x20001928                        . = ALIGN (0x8)

/DISCARD/
 libc.a(*)
 libm.a(*)
 libgcc.a(*)

.ARM.attributes
                0x00000000       0x36
 *(.ARM.attributes)
 .ARM.attributes
                0x00000000       0x26 /home/absqua/st/stm32cubeide_1.18.1/plugins/com.st.stm32cube.ide.mcu.externaltools.gnu-tools-for-stm32.13.3.rel1.linux64_1.0.0.202410170706/tools/bin/../lib/gcc/arm-none-eabi/13.3.1/thumb/v8-m.main+fp/hard/crti.o
 .ARM.attributes
                0x00000026       0x38 /home/absqua/st/stm32cubeide_1.18.1/plugins/com.st.stm32cube.ide.mcu.externaltools.gnu-tools-for-stm32.13.3.rel1.linux64_1.0.0.202410170706/tools/bin/../lib/gcc/arm-none-eabi/13.3.1/thumb/v8-m.main+fp/hard/crtbegin.o
 .ARM.attributes
                0x0000005e       0x3a ./Drivers/CMSIS/system_stm32l5xx.o
 .ARM.attributes
                0x00000098       0x3a ./Drivers/STM32L5xx_HAL_Driver/stm32l5xx_hal.o
 .ARM.attributes
                0x000000d2       0x3a ./Drivers/STM32L5xx_HAL_Driver/stm32l5xx_hal_cortex.o
 .ARM.attributes
                0x0000010c       0x3a ./Drivers/STM32L5xx_HAL_Driver/stm32l5xx_hal_exti.o
 .ARM.attributes
                0x00000146       0x3a ./Drivers/STM32L5xx_HAL_Driver/stm32l5xx_hal_gpio.o
 .ARM.attributes
                0x00000180       0x3a ./Drivers/STM32L5xx_HAL_Driver/stm32l5xx_hal_i2c.o
 .ARM.attributes
                0x000001ba       0x3a ./Drivers/STM32L5xx_HAL_Driver/stm32l5xx_hal_i2c_ex.o
 .ARM.attributes
                0x000001f4       0x3a ./Drivers/STM32L5xx_HAL_Driver/stm32l5xx_hal_pwr_ex.o
 .ARM.attributes
                0x0000022e       0x3a ./Drivers/STM32L5xx_HAL_Driver/stm32l5xx_hal_rcc.o
 .ARM.attributes
                0x00000268       0x3a ./Drivers/STM32L5xx_HAL_Driver/stm32l5xx_hal_sram.o
 .ARM.attributes
                0x000002a2       0x3a ./Drivers/STM32L5xx_HAL_Driver/stm32l5xx_ll_fmc.o
 .ARM.attributes
                0x000002dc       0x3a ./Drivers/TicTacToe/Components/ft6x06.o
 .ARM.attributes
                0x00000316       0x3a ./Drivers/TicTacToe/Components/ft6x06_reg.o
 .ARM.attributes
                0x00000350       0x3a ./Drivers/TicTacToe/Components/st7789h2.o
 .ARM.attributes
                0x0000038a       0x3a ./Drivers/TicTacToe/Components/st7789h2_reg.o
 .ARM.attributes
                0x000003c4       0x3a ./Drivers/TicTacToe/STM32L562E-DK/stm32l562e_discovery.o
 .ARM.attributes
                0x000003fe       0x3a ./Drivers/TicTacToe/STM32L562E-DK/stm32l562e_discovery_bus.o
 .ARM.attributes
                0x00000438       0x3a ./Drivers/TicTacToe/STM32L562E-DK/stm32l562e_discovery_lcd.o
 .ARM.attributes
                0x00000472       0x3a ./Drivers/TicTacToe/STM32L562E-DK/stm32l562e_discovery_ts.o
 .ARM.attributes
                0x000004ac       0x24 ./Example/Startup/startup_stm32l562qeixq.o
 .ARM.attributes
                0x000004d0       0x3a ./Example/User/main.o
 .ARM.attributes
                0x0000050a       0x3a ./Example/User/stm32l5xx_it.o
 .ARM.attributes
                0x00000544       0x3a ./Utilities/stm32_lcd.o
 .ARM.attributes
                0x0000057e       0x38 /home/absqua/st/stm32cubeide_1.18.1/plugins/com.st.stm32cube.ide.mcu.externaltools.gnu-tools-for-stm32.13.3.rel1.linux64_1.0.0.202410170706/tools/bin/../lib/gcc/arm-none-eabi/13.3.1/../../../../arm-none-eabi/lib/thumb/v8-m.main+fp/hard/libc_nano.a(libc_a-memset.o)
 .ARM.attributes
                0x000005b6       0x38 /home/absqua/st/stm32cubeide_1.18.1/plugins/com.st.stm32cube.ide.mcu.externaltools.gnu-tools-for-stm32.13.3.rel1.linux64_1.0.0.202410170706/tools/bin/../lib/gcc/arm-none-eabi/13.3.1/../../../../arm-none-eabi/lib/thumb/v8-m.main+fp/hard/libc_nano.a(libc_a-init.o)
 .ARM.attributes
                0x000005ee       0x26 /home/absqua/st/stm32cubeide_1.18.1/plugins/com.st.stm32cube.ide.mcu.externaltools.gnu-tools-for-stm32.13.3.rel1.linux64_1.0.0.202410170706/tools/bin/../lib/gcc/arm-none-eabi/13.3.1/thumb/v8-m.main+fp/hard/crtn.o
OUTPUT(TicTacToe.elf elf32-littlearm)
LOAD linker stubs
LOAD /home/absqua/st/stm32cubeide_1.18.1/plugins/com.st.stm32cube.ide.mcu.externaltools.gnu-tools-for-stm32.13.3.rel1.linux64_1.0.0.202410170706/tools/bin/../lib/gcc/arm-none-eabi/13.3.1/../../../../arm-none-eabi/lib/thumb/v8-m.main+fp/hard/libc.a
LOAD /home/absqua/st/stm32cubeide_1.18.1/plugins/com.st.stm32cube.ide.mcu.externaltools.gnu-tools-for-stm32.13.3.rel1.linux64_1.0.0.202410170706/tools/bin/../lib/gcc/arm-none-eabi/13.3.1/../../../../arm-none-eabi/lib/thumb/v8-m.main+fp/hard/libm.a
LOAD /home/absqua/st/stm32cubeide_1.18.1/plugins/com.st.stm32cube.ide.mcu.externaltools.gnu-tools-for-stm32.13.3.rel1.linux64_1.0.0.202410170706/tools/bin/../lib/gcc/arm-none-eabi/13.3.1/thumb/v8-m.main+fp/hard/libgcc.a

.debug_info     0x00000000    0x13881
 .debug_info    0x00000000      0x7e2 ./Drivers/CMSIS/system_stm32l5xx.o
 .debug_info    0x000007e2      0xd05 ./Drivers/STM32L5xx_HAL_Driver/stm32l5xx_hal.o
 .debug_info    0x000014e7     0x1099 ./Drivers/STM32L5xx_HAL_Driver/stm32l5xx_hal_cortex.o
 .debug_info    0x00002580      0x7a1 ./Drivers/STM32L5xx_HAL_Driver/stm32l5xx_hal_exti.o
 .debug_info    0x00002d21      0x5d4 ./Drivers/STM32L5xx_HAL_Driver/stm32l5xx_hal_gpio.o
 .debug_info    0x000032f5     0x2185 ./Drivers/STM32L5xx_HAL_Driver/stm32l5xx_hal_i2c.o
 .debug_info    0x0000547a      0xbe0 ./Drivers/STM32L5xx_HAL_Driver/stm32l5xx_hal_i2c_ex.o
 .debug_info    0x0000605a      0xd73 ./Drivers/STM32L5xx_HAL_Driver/stm32l5xx_hal_pwr_ex.o
 .debug_info    0x00006dcd      0xf75 ./Drivers/STM32L5xx_HAL_Driver/stm32l5xx_hal_rcc.o
 .debug_info    0x00007d42      0xe7a ./Drivers/STM32L5xx_HAL_Driver/stm32l5xx_hal_sram.o
 .debug_info    0x00008bbc      0x7d7 ./Drivers/STM32L5xx_HAL_Driver/stm32l5xx_ll_fmc.o
 .debug_info    0x00009393      0xaa7 ./Drivers/TicTacToe/Components/ft6x06.o
 .debug_info    0x00009e3a      0xb89 ./Drivers/TicTacToe/Components/ft6x06_reg.o
 .debug_info    0x0000a9c3      0xf38 ./Drivers/TicTacToe/Components/st7789h2.o
 .debug_info    0x0000b8fb      0x26b ./Drivers/TicTacToe/Components/st7789h2_reg.o
 .debug_info    0x0000bb66      0xe11 ./Drivers/TicTacToe/STM32L562E-DK/stm32l562e_discovery.o
 .debug_info    0x0000c977     0x1508 ./Drivers/TicTacToe/STM32L562E-DK/stm32l562e_discovery_bus.o
 .debug_info    0x0000de7f     0x1d53 ./Drivers/TicTacToe/STM32L562E-DK/stm32l562e_discovery_lcd.o
 .debug_info    0x0000fbd2     0x171a ./Drivers/TicTacToe/STM32L562E-DK/stm32l562e_discovery_ts.o
 .debug_info    0x000112ec       0x30 ./Example/Startup/startup_stm32l562qeixq.o
 .debug_info    0x0001131c     0x115a ./Example/User/main.o
 .debug_info    0x00012476      0x1e4 ./Example/User/stm32l5xx_it.o
 .debug_info    0x0001265a     0x1227 ./Utilities/stm32_lcd.o

.debug_abbrev   0x00000000     0x3035
 .debug_abbrev  0x00000000      0x12b ./Drivers/CMSIS/system_stm32l5xx.o
 .debug_abbrev  0x0000012b      0x2cd ./Drivers/STM32L5xx_HAL_Driver/stm32l5xx_hal.o
 .debug_abbrev  0x000003f8      0x32c ./Drivers/STM32L5xx_HAL_Driver/stm32l5xx_hal_cortex.o
 .debug_abbrev  0x00000724      0x191 ./Drivers/STM32L5xx_HAL_Driver/stm32l5xx_hal_exti.o
 .debug_abbrev  0x000008b5      0x1c2 ./Drivers/STM32L5xx_HAL_Driver/stm32l5xx_hal_gpio.o
 .debug_abbrev  0x00000a77      0x258 ./Drivers/STM32L5xx_HAL_Driver/stm32l5xx_hal_i2c.o
 .debug_abbrev  0x00000ccf      0x1e1 ./Drivers/STM32L5xx_HAL_Driver/stm32l5xx_hal_i2c_ex.o
 .debug_abbrev  0x00000eb0      0x28c ./Drivers/STM32L5xx_HAL_Driver/stm32l5xx_hal_pwr_ex.o
 .debug_abbrev  0x0000113c      0x2fd ./Drivers/STM32L5xx_HAL_Driver/stm32l5xx_hal_rcc.o
 .debug_abbrev  0x00001439      0x204 ./Drivers/STM32L5xx_HAL_Driver/stm32l5xx_hal_sram.o
 .debug_abbrev  0x0000163d      0x1a5 ./Drivers/STM32L5xx_HAL_Driver/stm32l5xx_ll_fmc.o
 .debug_abbrev  0x000017e2      0x22a ./Drivers/TicTacToe/Components/ft6x06.o
 .debug_abbrev  0x00001a0c      0x145 ./Drivers/TicTacToe/Components/ft6x06_reg.o
 .debug_abbrev  0x00001b51      0x213 ./Drivers/TicTacToe/Components/st7789h2.o
 .debug_abbrev  0x00001d64       0xdd ./Drivers/TicTacToe/Components/st7789h2_reg.o
 .debug_abbrev  0x00001e41      0x29e ./Drivers/TicTacToe/STM32L562E-DK/stm32l562e_discovery.o
 .debug_abbrev  0x000020df      0x317 ./Drivers/TicTacToe/STM32L562E-DK/stm32l562e_discovery_bus.o
 .debug_abbrev  0x000023f6      0x317 ./Drivers/TicTacToe/STM32L562E-DK/stm32l562e_discovery_lcd.o
 .debug_abbrev  0x0000270d      0x30c ./Drivers/TicTacToe/STM32L562E-DK/stm32l562e_discovery_ts.o
 .debug_abbrev  0x00002a19       0x24 ./Example/Startup/startup_stm32l562qeixq.o
 .debug_abbrev  0x00002a3d      0x301 ./Example/User/main.o
 .debug_abbrev  0x00002d3e       0xd1 ./Example/User/stm32l5xx_it.o
 .debug_abbrev  0x00002e0f      0x226 ./Utilities/stm32_lcd.o

.debug_aranges  0x00000000     0x11f0
 .debug_aranges
                0x00000000       0x28 ./Drivers/CMSIS/system_stm32l5xx.o
 .debug_aranges
                0x00000028      0x130 ./Drivers/STM32L5xx_HAL_Driver/stm32l5xx_hal.o
 .debug_aranges
                0x00000158      0x130 ./Drivers/STM32L5xx_HAL_Driver/stm32l5xx_hal_cortex.o
 .debug_aranges
                0x00000288       0x70 ./Drivers/STM32L5xx_HAL_Driver/stm32l5xx_hal_exti.o
 .debug_aranges
                0x000002f8       0x60 ./Drivers/STM32L5xx_HAL_Driver/stm32l5xx_hal_gpio.o
 .debug_aranges
                0x00000358      0x2a0 ./Drivers/STM32L5xx_HAL_Driver/stm32l5xx_hal_i2c.o
 .debug_aranges
                0x000005f8       0x48 ./Drivers/STM32L5xx_HAL_Driver/stm32l5xx_hal_i2c_ex.o
 .debug_aranges
                0x00000640      0x1b8 ./Drivers/STM32L5xx_HAL_Driver/stm32l5xx_hal_pwr_ex.o
 .debug_aranges
                0x000007f8       0xa8 ./Drivers/STM32L5xx_HAL_Driver/stm32l5xx_hal_rcc.o
 .debug_aranges
                0x000008a0       0xb8 ./Drivers/STM32L5xx_HAL_Driver/stm32l5xx_hal_sram.o
 .debug_aranges
                0x00000958       0x80 ./Drivers/STM32L5xx_HAL_Driver/stm32l5xx_ll_fmc.o
 .debug_aranges
                0x000009d8       0x98 ./Drivers/TicTacToe/Components/ft6x06.o
 .debug_aranges
                0x00000a70      0x170 ./Drivers/TicTacToe/Components/ft6x06_reg.o
 .debug_aranges
                0x00000be0       0xd8 ./Drivers/TicTacToe/Components/st7789h2.o
 .debug_aranges
                0x00000cb8       0x30 ./Drivers/TicTacToe/Components/st7789h2_reg.o
 .debug_aranges
                0x00000ce8       0x90 ./Drivers/TicTacToe/STM32L562E-DK/stm32l562e_discovery.o
 .debug_aranges
                0x00000d78       0x98 ./Drivers/TicTacToe/STM32L562E-DK/stm32l562e_discovery_bus.o
 .debug_aranges
                0x00000e10      0x100 ./Drivers/TicTacToe/STM32L562E-DK/stm32l562e_discovery_lcd.o
 .debug_aranges
                0x00000f10       0x90 ./Drivers/TicTacToe/STM32L562E-DK/stm32l562e_discovery_ts.o
 .debug_aranges
                0x00000fa0       0x28 ./Example/Startup/startup_stm32l562qeixq.o
 .debug_aranges
                0x00000fc8       0x88 ./Example/User/main.o
 .debug_aranges
                0x00001050       0x90 ./Example/User/stm32l5xx_it.o
 .debug_aranges
                0x000010e0      0x110 ./Utilities/stm32_lcd.o

.debug_rnglists
                0x00000000      0xdab
 .debug_rnglists
                0x00000000       0x1a ./Drivers/CMSIS/system_stm32l5xx.o
 .debug_rnglists
                0x0000001a       0xdf ./Drivers/STM32L5xx_HAL_Driver/stm32l5xx_hal.o
 .debug_rnglists
                0x000000f9       0xdf ./Drivers/STM32L5xx_HAL_Driver/stm32l5xx_hal_cortex.o
 .debug_rnglists
                0x000001d8       0x53 ./Drivers/STM32L5xx_HAL_Driver/stm32l5xx_hal_exti.o
 .debug_rnglists
                0x0000022b       0x45 ./Drivers/STM32L5xx_HAL_Driver/stm32l5xx_hal_gpio.o
 .debug_rnglists
                0x00000270      0x228 ./Drivers/STM32L5xx_HAL_Driver/stm32l5xx_hal_i2c.o
 .debug_rnglists
                0x00000498       0x35 ./Drivers/STM32L5xx_HAL_Driver/stm32l5xx_hal_i2c_ex.o
 .debug_rnglists
                0x000004cd      0x14e ./Drivers/STM32L5xx_HAL_Driver/stm32l5xx_hal_pwr_ex.o
 .debug_rnglists
                0x0000061b       0x80 ./Drivers/STM32L5xx_HAL_Driver/stm32l5xx_hal_rcc.o
 .debug_rnglists
                0x0000069b       0x8d ./Drivers/STM32L5xx_HAL_Driver/stm32l5xx_hal_sram.o
 .debug_rnglists
                0x00000728       0x5e ./Drivers/STM32L5xx_HAL_Driver/stm32l5xx_ll_fmc.o
 .debug_rnglists
                0x00000786       0x70 ./Drivers/TicTacToe/Components/ft6x06.o
 .debug_rnglists
                0x000007f6      0x10f ./Drivers/TicTacToe/Components/ft6x06_reg.o
 .debug_rnglists
                0x00000905       0xa3 ./Drivers/TicTacToe/Components/st7789h2.o
 .debug_rnglists
                0x000009a8       0x1f ./Drivers/TicTacToe/Components/st7789h2_reg.o
 .debug_rnglists
                0x000009c7       0x69 ./Drivers/TicTacToe/STM32L562E-DK/stm32l562e_discovery.o
 .debug_rnglists
                0x00000a30       0x93 ./Drivers/TicTacToe/STM32L562E-DK/stm32l562e_discovery_bus.o
 .debug_rnglists
                0x00000ac3       0xc1 ./Drivers/TicTacToe/STM32L562E-DK/stm32l562e_discovery_lcd.o
 .debug_rnglists
                0x00000b84       0x6d ./Drivers/TicTacToe/STM32L562E-DK/stm32l562e_discovery_ts.o
 .debug_rnglists
                0x00000bf1       0x19 ./Example/Startup/startup_stm32l562qeixq.o
 .debug_rnglists
                0x00000c0a       0x67 ./Example/User/main.o
 .debug_rnglists
                0x00000c71       0x67 ./Example/User/stm32l5xx_it.o
 .debug_rnglists
                0x00000cd8       0xd3 ./Utilities/stm32_lcd.o

.debug_macro    0x00000000    0x2c290
 .debug_macro   0x00000000      0x256 ./Drivers/CMSIS/system_stm32l5xx.o
 .debug_macro   0x00000256      0xade ./Drivers/CMSIS/system_stm32l5xx.o
 .debug_macro   0x00000d34       0x2e ./Drivers/CMSIS/system_stm32l5xx.o
 .debug_macro   0x00000d62       0x42 ./Drivers/CMSIS/system_stm32l5xx.o
 .debug_macro   0x00000da4       0x22 ./Drivers/CMSIS/system_stm32l5xx.o
 .debug_macro   0x00000dc6       0x8e ./Drivers/CMSIS/system_stm32l5xx.o
 .debug_macro   0x00000e54       0x51 ./Drivers/CMSIS/system_stm32l5xx.o
 .debug_macro   0x00000ea5      0x103 ./Drivers/CMSIS/system_stm32l5xx.o
 .debug_macro   0x00000fa8       0x6a ./Drivers/CMSIS/system_stm32l5xx.o
 .debug_macro   0x00001012      0x1df ./Drivers/CMSIS/system_stm32l5xx.o
 .debug_macro   0x000011f1       0x1c ./Drivers/CMSIS/system_stm32l5xx.o
 .debug_macro   0x0000120d       0x29 ./Drivers/CMSIS/system_stm32l5xx.o
 .debug_macro   0x00001236       0xfb ./Drivers/CMSIS/system_stm32l5xx.o
 .debug_macro   0x00001331     0x1336 ./Drivers/CMSIS/system_stm32l5xx.o
 .debug_macro   0x00002667       0x5e ./Drivers/CMSIS/system_stm32l5xx.o
 .debug_macro   0x000026c5    0x1bca6 ./Drivers/CMSIS/system_stm32l5xx.o
 .debug_macro   0x0001e36b       0x6c ./Drivers/CMSIS/system_stm32l5xx.o
 .debug_macro   0x0001e3d7      0x1a6 ./Drivers/CMSIS/system_stm32l5xx.o
 .debug_macro   0x0001e57d     0x3535 ./Drivers/CMSIS/system_stm32l5xx.o
 .debug_macro   0x00021ab2      0x190 ./Drivers/CMSIS/system_stm32l5xx.o
 .debug_macro   0x00021c42       0x5c ./Drivers/CMSIS/system_stm32l5xx.o
 .debug_macro   0x00021c9e     0x19cd ./Drivers/CMSIS/system_stm32l5xx.o
 .debug_macro   0x0002366b      0xa52 ./Drivers/CMSIS/system_stm32l5xx.o
 .debug_macro   0x000240bd      0x1cf ./Drivers/CMSIS/system_stm32l5xx.o
 .debug_macro   0x0002428c      0x1d8 ./Drivers/CMSIS/system_stm32l5xx.o
 .debug_macro   0x00024464      0x4e1 ./Drivers/CMSIS/system_stm32l5xx.o
 .debug_macro   0x00024945      0x1ab ./Drivers/CMSIS/system_stm32l5xx.o
 .debug_macro   0x00024af0       0x4a ./Drivers/CMSIS/system_stm32l5xx.o
 .debug_macro   0x00024b3a      0x1df ./Drivers/CMSIS/system_stm32l5xx.o
 .debug_macro   0x00024d19       0x10 ./Drivers/CMSIS/system_stm32l5xx.o
 .debug_macro   0x00024d29       0xb3 ./Drivers/CMSIS/system_stm32l5xx.o
 .debug_macro   0x00024ddc      0x1b9 ./Drivers/CMSIS/system_stm32l5xx.o
 .debug_macro   0x00024f95      0x230 ./Drivers/CMSIS/system_stm32l5xx.o
 .debug_macro   0x000251c5      0x3bb ./Drivers/CMSIS/system_stm32l5xx.o
 .debug_macro   0x00025580       0x36 ./Drivers/CMSIS/system_stm32l5xx.o
 .debug_macro   0x000255b6      0x11c ./Drivers/CMSIS/system_stm32l5xx.o
 .debug_macro   0x000256d2      0x22c ./Drivers/CMSIS/system_stm32l5xx.o
 .debug_macro   0x000258fe       0x5b ./Drivers/CMSIS/system_stm32l5xx.o
 .debug_macro   0x00025959       0xa5 ./Drivers/CMSIS/system_stm32l5xx.o
 .debug_macro   0x000259fe       0xc8 ./Drivers/CMSIS/system_stm32l5xx.o
 .debug_macro   0x00025ac6      0x486 ./Drivers/CMSIS/system_stm32l5xx.o
 .debug_macro   0x00025f4c      0x199 ./Drivers/CMSIS/system_stm32l5xx.o
 .debug_macro   0x000260e5      0x487 ./Drivers/CMSIS/system_stm32l5xx.o
 .debug_macro   0x0002656c      0x3ad ./Drivers/CMSIS/system_stm32l5xx.o
 .debug_macro   0x00026919       0x10 ./Drivers/CMSIS/system_stm32l5xx.o
 .debug_macro   0x00026929       0xe4 ./Drivers/CMSIS/system_stm32l5xx.o
 .debug_macro   0x00026a0d      0x81b ./Drivers/CMSIS/system_stm32l5xx.o
 .debug_macro   0x00027228      0x1ce ./Drivers/CMSIS/system_stm32l5xx.o
 .debug_macro   0x000273f6      0x332 ./Drivers/CMSIS/system_stm32l5xx.o
 .debug_macro   0x00027728      0x693 ./Drivers/CMSIS/system_stm32l5xx.o
 .debug_macro   0x00027dbb       0xa6 ./Drivers/CMSIS/system_stm32l5xx.o
 .debug_macro   0x00027e61      0x3f1 ./Drivers/CMSIS/system_stm32l5xx.o
 .debug_macro   0x00028252      0x286 ./Drivers/STM32L5xx_HAL_Driver/stm32l5xx_hal.o
 .debug_macro   0x000284d8      0x256 ./Drivers/STM32L5xx_HAL_Driver/stm32l5xx_hal_cortex.o
 .debug_macro   0x0002872e      0x26e ./Drivers/STM32L5xx_HAL_Driver/stm32l5xx_hal_exti.o
 .debug_macro   0x0002899c      0x25c ./Drivers/STM32L5xx_HAL_Driver/stm32l5xx_hal_gpio.o
 .debug_macro   0x00028bf8      0x322 ./Drivers/STM32L5xx_HAL_Driver/stm32l5xx_hal_i2c.o
 .debug_macro   0x00028f1a      0x256 ./Drivers/STM32L5xx_HAL_Driver/stm32l5xx_hal_i2c_ex.o
 .debug_macro   0x00029170      0x286 ./Drivers/STM32L5xx_HAL_Driver/stm32l5xx_hal_pwr_ex.o
 .debug_macro   0x000293f6      0x280 ./Drivers/STM32L5xx_HAL_Driver/stm32l5xx_hal_rcc.o
 .debug_macro   0x00029676      0x256 ./Drivers/STM32L5xx_HAL_Driver/stm32l5xx_hal_sram.o
 .debug_macro   0x000298cc      0x274 ./Drivers/STM32L5xx_HAL_Driver/stm32l5xx_ll_fmc.o
 .debug_macro   0x00029b40       0x93 ./Drivers/TicTacToe/Components/ft6x06.o
 .debug_macro   0x00029bd3      0x318 ./Drivers/TicTacToe/Components/ft6x06.o
 .debug_macro   0x00029eeb       0x1c ./Drivers/TicTacToe/Components/ft6x06.o
 .debug_macro   0x00029f07       0x7c ./Drivers/TicTacToe/Components/ft6x06.o
 .debug_macro   0x00029f83       0x72 ./Drivers/TicTacToe/Components/ft6x06_reg.o
 .debug_macro   0x00029ff5       0x8a ./Drivers/TicTacToe/Components/st7789h2.o
 .debug_macro   0x0002a07f      0x202 ./Drivers/TicTacToe/Components/st7789h2.o
 .debug_macro   0x0002a281       0x40 ./Drivers/TicTacToe/Components/st7789h2.o
 .debug_macro   0x0002a2c1       0x72 ./Drivers/TicTacToe/Components/st7789h2_reg.o
 .debug_macro   0x0002a333      0x27d ./Drivers/TicTacToe/STM32L562E-DK/stm32l562e_discovery.o
 .debug_macro   0x0002a5b0       0x46 ./Drivers/TicTacToe/STM32L562E-DK/stm32l562e_discovery.o
 .debug_macro   0x0002a5f6       0x94 ./Drivers/TicTacToe/STM32L562E-DK/stm32l562e_discovery.o
 .debug_macro   0x0002a68a       0x90 ./Drivers/TicTacToe/STM32L562E-DK/stm32l562e_discovery.o
 .debug_macro   0x0002a71a      0x2d1 ./Drivers/TicTacToe/STM32L562E-DK/stm32l562e_discovery_bus.o
 .debug_macro   0x0002a9eb       0x58 ./Drivers/TicTacToe/STM32L562E-DK/stm32l562e_discovery_bus.o
 .debug_macro   0x0002aa43      0x2ea ./Drivers/TicTacToe/STM32L562E-DK/stm32l562e_discovery_lcd.o
 .debug_macro   0x0002ad2d       0x3a ./Drivers/TicTacToe/STM32L562E-DK/stm32l562e_discovery_lcd.o
 .debug_macro   0x0002ad67      0x208 ./Drivers/TicTacToe/STM32L562E-DK/stm32l562e_discovery_lcd.o
 .debug_macro   0x0002af6f       0xb8 ./Drivers/TicTacToe/STM32L562E-DK/stm32l562e_discovery_lcd.o
 .debug_macro   0x0002b027      0x2c7 ./Drivers/TicTacToe/STM32L562E-DK/stm32l562e_discovery_ts.o
 .debug_macro   0x0002b2ee      0x31e ./Drivers/TicTacToe/STM32L562E-DK/stm32l562e_discovery_ts.o
 .debug_macro   0x0002b60c       0x40 ./Drivers/TicTacToe/STM32L562E-DK/stm32l562e_discovery_ts.o
 .debug_macro   0x0002b64c      0x46c ./Example/User/main.o
 .debug_macro   0x0002bab8       0x4c ./Example/User/main.o
 .debug_macro   0x0002bb04       0xee ./Example/User/main.o
 .debug_macro   0x0002bbf2       0x1c ./Example/User/main.o
 .debug_macro   0x0002bc0e       0x10 ./Example/User/main.o
 .debug_macro   0x0002bc1e       0x1c ./Example/User/main.o
 .debug_macro   0x0002bc3a       0x16 ./Example/User/main.o
 .debug_macro   0x0002bc50      0x146 ./Example/User/main.o
 .debug_macro   0x0002bd96      0x430 ./Example/User/stm32l5xx_it.o
 .debug_macro   0x0002c1c6       0xca ./Utilities/stm32_lcd.o

.debug_line     0x00000000    0x13f0d
 .debug_line    0x00000000      0x8ac ./Drivers/CMSIS/system_stm32l5xx.o
 .debug_line    0x000008ac      0xc34 ./Drivers/STM32L5xx_HAL_Driver/stm32l5xx_hal.o
 .debug_line    0x000014e0      0xdf6 ./Drivers/STM32L5xx_HAL_Driver/stm32l5xx_hal_cortex.o
 .debug_line    0x000022d6      0xc4c ./Drivers/STM32L5xx_HAL_Driver/stm32l5xx_hal_exti.o
 .debug_line    0x00002f22      0xc59 ./Drivers/STM32L5xx_HAL_Driver/stm32l5xx_hal_gpio.o
 .debug_line    0x00003b7b     0x3603 ./Drivers/STM32L5xx_HAL_Driver/stm32l5xx_hal_i2c.o
 .debug_line    0x0000717e      0x979 ./Drivers/STM32L5xx_HAL_Driver/stm32l5xx_hal_i2c_ex.o
 .debug_line    0x00007af7      0xfdb ./Drivers/STM32L5xx_HAL_Driver/stm32l5xx_hal_pwr_ex.o
 .debug_line    0x00008ad2     0x1455 ./Drivers/STM32L5xx_HAL_Driver/stm32l5xx_hal_rcc.o
 .debug_line    0x00009f27      0xcec ./Drivers/STM32L5xx_HAL_Driver/stm32l5xx_hal_sram.o
 .debug_line    0x0000ac13      0xaa2 ./Drivers/STM32L5xx_HAL_Driver/stm32l5xx_ll_fmc.o
 .debug_line    0x0000b6b5      0x73c ./Drivers/TicTacToe/Components/ft6x06.o
 .debug_line    0x0000bdf1      0x8a6 ./Drivers/TicTacToe/Components/ft6x06_reg.o
 .debug_line    0x0000c697      0xd2d ./Drivers/TicTacToe/Components/st7789h2.o
 .debug_line    0x0000d3c4      0x412 ./Drivers/TicTacToe/Components/st7789h2_reg.o
 .debug_line    0x0000d7d6      0xa75 ./Drivers/TicTacToe/STM32L562E-DK/stm32l562e_discovery.o
 .debug_line    0x0000e24b      0xdb2 ./Drivers/TicTacToe/STM32L562E-DK/stm32l562e_discovery_bus.o
 .debug_line    0x0000effd      0xfe1 ./Drivers/TicTacToe/STM32L562E-DK/stm32l562e_discovery_lcd.o
 .debug_line    0x0000ffde      0xf74 ./Drivers/TicTacToe/STM32L562E-DK/stm32l562e_discovery_ts.o
 .debug_line    0x00010f52       0x79 ./Example/Startup/startup_stm32l562qeixq.o
 .debug_line    0x00010fcb     0x1292 ./Example/User/main.o
 .debug_line    0x0001225d      0xd7b ./Example/User/stm32l5xx_it.o
 .debug_line    0x00012fd8      0xf35 ./Utilities/stm32_lcd.o

.debug_str      0x00000000   0x118ce4
 .debug_str     0x00000000   0x118ce4 ./Drivers/CMSIS/system_stm32l5xx.o
                             0x10a092 (size before relaxing)
 .debug_str     0x00118ce4   0x10ac2d ./Drivers/STM32L5xx_HAL_Driver/stm32l5xx_hal.o
 .debug_str     0x00118ce4   0x10aa34 ./Drivers/STM32L5xx_HAL_Driver/stm32l5xx_hal_cortex.o
 .debug_str     0x00118ce4   0x10a117 ./Drivers/STM32L5xx_HAL_Driver/stm32l5xx_hal_exti.o
 .debug_str     0x00118ce4   0x10a020 ./Drivers/STM32L5xx_HAL_Driver/stm32l5xx_hal_gpio.o
 .debug_str     0x00118ce4   0x10b2b9 ./Drivers/STM32L5xx_HAL_Driver/stm32l5xx_hal_i2c.o
 .debug_str     0x00118ce4   0x10a684 ./Drivers/STM32L5xx_HAL_Driver/stm32l5xx_hal_i2c_ex.o
 .debug_str     0x00118ce4   0x10a7fc ./Drivers/STM32L5xx_HAL_Driver/stm32l5xx_hal_pwr_ex.o
 .debug_str     0x00118ce4   0x10a6b1 ./Drivers/STM32L5xx_HAL_Driver/stm32l5xx_hal_rcc.o
 .debug_str     0x00118ce4   0x10a63a ./Drivers/STM32L5xx_HAL_Driver/stm32l5xx_hal_sram.o
 .debug_str     0x00118ce4   0x10a4cd ./Drivers/STM32L5xx_HAL_Driver/stm32l5xx_ll_fmc.o
 .debug_str     0x00118ce4     0x56ed ./Drivers/TicTacToe/Components/ft6x06.o
 .debug_str     0x00118ce4     0x4f55 ./Drivers/TicTacToe/Components/ft6x06_reg.o
 .debug_str     0x00118ce4     0x5152 ./Drivers/TicTacToe/Components/st7789h2.o
 .debug_str     0x00118ce4     0x489c ./Drivers/TicTacToe/Components/st7789h2_reg.o
 .debug_str     0x00118ce4   0x10b2eb ./Drivers/TicTacToe/STM32L562E-DK/stm32l562e_discovery.o
 .debug_str     0x00118ce4   0x10b28c ./Drivers/TicTacToe/STM32L562E-DK/stm32l562e_discovery_bus.o
 .debug_str     0x00118ce4   0x10c1c3 ./Drivers/TicTacToe/STM32L562E-DK/stm32l562e_discovery_lcd.o
 .debug_str     0x00118ce4   0x10c6d1 ./Drivers/TicTacToe/STM32L562E-DK/stm32l562e_discovery_ts.o
 .debug_str     0x00118ce4       0x93 ./Example/Startup/startup_stm32l562qeixq.o
 .debug_str     0x00118ce4   0x112d5d ./Example/User/main.o
 .debug_str     0x00118ce4   0x111e4e ./Example/User/stm32l5xx_it.o
 .debug_str     0x00118ce4     0x509b ./Utilities/stm32_lcd.o

.comment        0x00000000       0x43
 .comment       0x00000000       0x43 ./Drivers/CMSIS/system_stm32l5xx.o
                                 0x44 (size before relaxing)
 .comment       0x00000043       0x44 ./Drivers/STM32L5xx_HAL_Driver/stm32l5xx_hal.o
 .comment       0x00000043       0x44 ./Drivers/STM32L5xx_HAL_Driver/stm32l5xx_hal_cortex.o
 .comment       0x00000043       0x44 ./Drivers/STM32L5xx_HAL_Driver/stm32l5xx_hal_exti.o
 .comment       0x00000043       0x44 ./Drivers/STM32L5xx_HAL_Driver/stm32l5xx_hal_gpio.o
 .comment       0x00000043       0x44 ./Drivers/STM32L5xx_HAL_Driver/stm32l5xx_hal_i2c.o
 .comment       0x00000043       0x44 ./Drivers/STM32L5xx_HAL_Driver/stm32l5xx_hal_i2c_ex.o
 .comment       0x00000043       0x44 ./Drivers/STM32L5xx_HAL_Driver/stm32l5xx_hal_pwr_ex.o
 .comment       0x00000043       0x44 ./Drivers/STM32L5xx_HAL_Driver/stm32l5xx_hal_rcc.o
 .comment       0x00000043       0x44 ./Drivers/STM32L5xx_HAL_Driver/stm32l5xx_hal_sram.o
 .comment       0x00000043       0x44 ./Drivers/STM32L5xx_HAL_Driver/stm32l5xx_ll_fmc.o
 .comment       0x00000043       0x44 ./Drivers/TicTacToe/Components/ft6x06.o
 .comment       0x00000043       0x44 ./Drivers/TicTacToe/Components/ft6x06_reg.o
 .comment       0x00000043       0x44 ./Drivers/TicTacToe/Components/st7789h2.o
 .comment       0x00000043       0x44 ./Drivers/TicTacToe/Components/st7789h2_reg.o
 .comment       0x00000043       0x44 ./Drivers/TicTacToe/STM32L562E-DK/stm32l562e_discovery.o
 .comment       0x00000043       0x44 ./Drivers/TicTacToe/STM32L562E-DK/stm32l562e_discovery_bus.o
 .comment       0x00000043       0x44 ./Drivers/TicTacToe/STM32L562E-DK/stm32l562e_discovery_lcd.o
 .comment       0x00000043       0x44 ./Drivers/TicTacToe/STM32L562E-DK/stm32l562e_discovery_ts.o
 .comment       0x00000043       0x44 ./Example/User/main.o
 .comment       0x00000043       0x44 ./Example/User/stm32l5xx_it.o
 .comment       0x00000043       0x44 ./Utilities/stm32_lcd.o

.debug_frame    0x00000000     0x498c
 .debug_frame   0x00000000       0x58 ./Drivers/CMSIS/system_stm32l5xx.o
 .debug_frame   0x00000058      0x4a4 ./Drivers/STM32L5xx_HAL_Driver/stm32l5xx_hal.o
 .debug_frame   0x000004fc      0x508 ./Drivers/STM32L5xx_HAL_Driver/stm32l5xx_hal_cortex.o
 .debug_frame   0x00000a04      0x1c4 ./Drivers/STM32L5xx_HAL_Driver/stm32l5xx_hal_exti.o
 .debug_frame   0x00000bc8      0x174 ./Drivers/STM32L5xx_HAL_Driver/stm32l5xx_hal_gpio.o
 .debug_frame   0x00000d3c      0xc38 ./Drivers/STM32L5xx_HAL_Driver/stm32l5xx_hal_i2c.o
 .debug_frame   0x00001974      0x100 ./Drivers/STM32L5xx_HAL_Driver/stm32l5xx_hal_i2c_ex.o
 .debug_frame   0x00001a74      0x6fc ./Drivers/STM32L5xx_HAL_Driver/stm32l5xx_hal_pwr_ex.o
 .debug_frame   0x00002170      0x298 ./Drivers/STM32L5xx_HAL_Driver/stm32l5xx_hal_rcc.o
 .debug_frame   0x00002408      0x30c ./Drivers/STM32L5xx_HAL_Driver/stm32l5xx_hal_sram.o
 .debug_frame   0x00002714      0x214 ./Drivers/STM32L5xx_HAL_Driver/stm32l5xx_ll_fmc.o
 .debug_frame   0x00002928      0x268 ./Drivers/TicTacToe/Components/ft6x06.o
 .debug_frame   0x00002b90      0x624 ./Drivers/TicTacToe/Components/ft6x06_reg.o
 .debug_frame   0x000031b4      0x398 ./Drivers/TicTacToe/Components/st7789h2.o
 .debug_frame   0x0000354c       0x84 ./Drivers/TicTacToe/Components/st7789h2_reg.o
 .debug_frame   0x000035d0      0x21c ./Drivers/TicTacToe/STM32L562E-DK/stm32l562e_discovery.o
 .debug_frame   0x000037ec      0x260 ./Drivers/TicTacToe/STM32L562E-DK/stm32l562e_discovery_bus.o
 .debug_frame   0x00003a4c      0x44c ./Drivers/TicTacToe/STM32L562E-DK/stm32l562e_discovery_lcd.o
 .debug_frame   0x00003e98      0x23c ./Drivers/TicTacToe/STM32L562E-DK/stm32l562e_discovery_ts.o
 .debug_frame   0x000040d4      0x218 ./Example/User/main.o
 .debug_frame   0x000042ec      0x1b4 ./Example/User/stm32l5xx_it.o
 .debug_frame   0x000044a0      0x4a0 ./Utilities/stm32_lcd.o
 .debug_frame   0x00004940       0x20 /home/absqua/st/stm32cubeide_1.18.1/plugins/com.st.stm32cube.ide.mcu.externaltools.gnu-tools-for-stm32.13.3.rel1.linux64_1.0.0.202410170706/tools/bin/../lib/gcc/arm-none-eabi/13.3.1/../../../../arm-none-eabi/lib/thumb/v8-m.main+fp/hard/libc_nano.a(libc_a-memset.o)
 .debug_frame   0x00004960       0x2c /home/absqua/st/stm32cubeide_1.18.1/plugins/com.st.stm32cube.ide.mcu.externaltools.gnu-tools-for-stm32.13.3.rel1.linux64_1.0.0.202410170706/tools/bin/../lib/gcc/arm-none-eabi/13.3.1/../../../../arm-none-eabi/lib/thumb/v8-m.main+fp/hard/libc_nano.a(libc_a-init.o)

.debug_line_str
                0x00000000       0x77
 .debug_line_str
                0x00000000       0x77 ./Example/Startup/startup_stm32l562qeixq.o
