Archive member included to satisfy reference by file (symbol)

/courses/TDDI11/sw/lib/elf/libepc.a(init-cpu.o)
                              (start)
/courses/TDDI11/sw/lib/elf/libepc.a(init-idt.o)
                              /courses/TDDI11/sw/lib/elf/libepc.a(init-cpu.o) (Init_IDT)
/courses/TDDI11/sw/lib/elf/libepc.a(init-crt.o)
                              /courses/TDDI11/sw/lib/elf/libepc.a(init-cpu.o) (Init_CRT)
/courses/TDDI11/sw/lib/elf/libepc.a(display.o)
                              main.o (SetCursorPosition)
/courses/TDDI11/sw/lib/elf/libepc.a(init8259.o)
                              /courses/TDDI11/sw/lib/elf/libepc.a(init-cpu.o) (Init8259)
/courses/TDDI11/sw/lib/elf/libepc.a(init8253.o)
                              /courses/TDDI11/sw/lib/elf/libepc.a(init-cpu.o) (Init8253)
/courses/TDDI11/sw/lib/elf/libepc.a(checkcpu.o)
                              /courses/TDDI11/sw/lib/elf/libepc.a(init-cpu.o) (Check_CPU)
/courses/TDDI11/sw/lib/elf/libepc.a(io.o)
                              /courses/TDDI11/sw/lib/elf/libepc.a(init-idt.o) (ISR_PIC1)
/courses/TDDI11/sw/lib/elf/libepc.a(keyboard.o)
                              /courses/TDDI11/sw/lib/elf/libepc.a(io.o) (Enqueue)

Discarded input sections

 .eh_frame      0x0000000000000000       0x44 main.o

Memory Configuration

Name             Origin             Length             Attributes
conventional     0x0000000000000000 0x00000000000a0000
reserved         0x00000000000a0000 0x0000000000060000
extended         0x0000000000100000 0x00000000fff00000
*default*        0x0000000000000000 0xffffffffffffffff

Linker script and memory map

LOAD main.o
LOAD /courses/TDDI11/sw/lib/elf/libepc.a
LOAD /courses/TDDI11/sw/lib/elf/djgpp/libc.a
LOAD /courses/TDDI11/sw/i386-elf-gcc-7.3.0/lib/gcc/i386-elf/7.3.0/libgcc.a

.text           0x0000000000000000     0x162c
                0x0000000000000000                text_frst = .
 *(.start)
 .start         0x0000000000000000        0x8 /courses/TDDI11/sw/lib/elf/libepc.a(init-cpu.o)
                0x0000000000000000                start
 *(.init)
 *(.text)
 .text          0x0000000000000008       0x4a main.o
                0x0000000000000008                main
 *fill*         0x0000000000000052        0x2 
 .text          0x0000000000000054       0x50 /courses/TDDI11/sw/lib/elf/libepc.a(init-cpu.o)
                0x0000000000000054                Init_CPU
 .text          0x00000000000000a4      0x5a0 /courses/TDDI11/sw/lib/elf/libepc.a(init-idt.o)
                0x00000000000004b4                IRQ2INT
                0x00000000000004c8                _GetISR
                0x000000000000050c                SetISR
                0x0000000000000544                Init_IDT
 .text          0x0000000000000644      0x110 /courses/TDDI11/sw/lib/elf/libepc.a(init-crt.o)
                0x0000000000000644                Init_CRT
                0x0000000000000678                _LastMemoryAddress
 .text          0x0000000000000754      0x6e0 /courses/TDDI11/sw/lib/elf/libepc.a(display.o)
                0x0000000000000754                SetCursorVisible
                0x00000000000007d8                _GetCursorRow
                0x00000000000007ec                _GetCursorCol
                0x0000000000000800                SetCursorPosition
                0x00000000000008a4                ClearScreen
                0x000000000000090c                _PutAttb
                0x0000000000000958                _PutCharAt
                0x0000000000000984                _PutChar
                0x0000000000000a08                PutString
                0x0000000000000a40                PutUnsigned
                0x0000000000000a78                FormatUnsigned
                0x0000000000000b08                Unsigned2Ascii
                0x0000000000000b8c                _Cell
 .text          0x0000000000000e34       0xe0 /courses/TDDI11/sw/lib/elf/libepc.a(init8259.o)
                0x0000000000000e34                Init8259
 .text          0x0000000000000f14       0xb0 /courses/TDDI11/sw/lib/elf/libepc.a(init8253.o)
                0x0000000000000f14                Init8253
 .text          0x0000000000000fc4       0x98 /courses/TDDI11/sw/lib/elf/libepc.a(checkcpu.o)
                0x0000000000000fc4                Check_CPU
 .text          0x000000000000105c       0x60 /courses/TDDI11/sw/lib/elf/libepc.a(io.o)
                0x000000000000105c                TimerTickISR
                0x0000000000001068                KeyboardISR
                0x0000000000001088                ISR_PIC1
                0x000000000000108f                ISR_PIC2
                0x0000000000001098                ___main
                0x0000000000001099                inportb
                0x00000000000010a3                outportb
                0x00000000000010b5                _exit
 .text          0x00000000000010bc      0x570 /courses/TDDI11/sw/lib/elf/libepc.a(keyboard.o)
                0x00000000000010bc                ScanCodeRdy
                0x00000000000010e0                GetScanCode
                0x0000000000001110                ScanCode2Ascii
                0x00000000000012d0                SetsKybdState
                0x00000000000014c0                Enqueue
                0x000000000000162b                text_last = (. - 0x1)

.data           0x000000000000162c      0x6c8
                0x000000000000162c                data_frst = .
 *(.data)
 .data          0x000000000000162c        0x0 main.o
 .data          0x000000000000162c       0x20 /courses/TDDI11/sw/lib/elf/libepc.a(init-cpu.o)
                0x000000000000164a                code_selector
 .data          0x000000000000164c       0x90 /courses/TDDI11/sw/lib/elf/libepc.a(init-idt.o)
 .data          0x00000000000016dc       0x10 /courses/TDDI11/sw/lib/elf/libepc.a(init-crt.o)
 .data          0x00000000000016ec       0x30 /courses/TDDI11/sw/lib/elf/libepc.a(display.o)
 .data          0x000000000000171c        0x0 /courses/TDDI11/sw/lib/elf/libepc.a(init8259.o)
 .data          0x000000000000171c        0x0 /courses/TDDI11/sw/lib/elf/libepc.a(init8253.o)
 .data          0x000000000000171c        0xc /courses/TDDI11/sw/lib/elf/libepc.a(io.o)
                0x000000000000171c                msec
                0x0000000000001720                old_tick_isr
                0x0000000000001724                old_kybd_isr
 .data          0x0000000000001728      0x5a0 /courses/TDDI11/sw/lib/elf/libepc.a(keyboard.o)
 *(.rodata)
 .rodata        0x0000000000001cc8       0x2c main.o
 *(.rodata.str1.1)
 *(.rodata.str1.32)
                0x0000000000001cf3                data_last = (. - 0x1)

.bss            0x0000000000001cf4      0x83c
                0x0000000000001cf4                bss_frst = .
 *(.bss)
 .bss           0x0000000000001cf4        0x0 main.o
 .bss           0x0000000000001cf4      0x800 /courses/TDDI11/sw/lib/elf/libepc.a(init-idt.o)
 .bss           0x00000000000024f4        0x0 /courses/TDDI11/sw/lib/elf/libepc.a(init-crt.o)
 .bss           0x00000000000024f4        0x8 /courses/TDDI11/sw/lib/elf/libepc.a(display.o)
 .bss           0x00000000000024fc        0x0 /courses/TDDI11/sw/lib/elf/libepc.a(init8259.o)
 .bss           0x00000000000024fc        0x0 /courses/TDDI11/sw/lib/elf/libepc.a(init8253.o)
 .bss           0x00000000000024fc       0x34 /courses/TDDI11/sw/lib/elf/libepc.a(keyboard.o)
 *(COMMON)
                0x000000000000252f                bss_last = (. - 0x1)

/DISCARD/
 *(.eh_frame)
                0x0000000000002530                stack_frst = (bss_last + 0x1)
                0x000000000000a52f                stack_last = (bss_last + 0x8000)
                0x000000000000a530                heap_frst = (stack_last + 0x1)
OUTPUT(embedded.bin binary)

.debug_info     0x0000000000000000       0xa0
 .debug_info    0x0000000000000000       0xa0 main.o

.debug_abbrev   0x0000000000000000       0x5e
 .debug_abbrev  0x0000000000000000       0x5e main.o

.debug_aranges  0x0000000000000000       0x20
 .debug_aranges
                0x0000000000000000       0x20 main.o

.debug_line     0x0000000000000000       0x3a
 .debug_line    0x0000000000000000       0x3a main.o

.debug_str      0x0000000000000000       0xd8
 .debug_str     0x0000000000000000       0xd8 main.o

.comment        0x0000000000000000       0x12
 .comment       0x0000000000000000       0x12 main.o
