/home/absqua/Desktop/Gitlab/tddi11/Labs/Chapter_5/chap5/Src/main.c:95:5:main	43
/home/absqua/Desktop/Gitlab/tddi11/Labs/Chapter_5/chap5/Src/main.c:326:13:Clear_Display_Welcome	1
/home/absqua/Desktop/Gitlab/tddi11/Labs/Chapter_5/chap5/Src/main.c:337:13:Clear_Display_Board	5
/home/absqua/Desktop/Gitlab/tddi11/Labs/Chapter_5/chap5/Src/main.c:360:13:Display_Text	1
/home/absqua/Desktop/Gitlab/tddi11/Labs/Chapter_5/chap5/Src/main.c:368:13:Display_Other_Text	1
/home/absqua/Desktop/Gitlab/tddi11/Labs/Chapter_5/chap5/Src/main.c:376:6:Initialize_Board	2
/home/absqua/Desktop/Gitlab/tddi11/Labs/Chapter_5/chap5/Src/main.c:384:16:Check_Move_Validity	8
/home/absqua/Desktop/Gitlab/tddi11/Labs/Chapter_5/chap5/Src/main.c:413:16:Check_Win	15
/home/absqua/Desktop/Gitlab/tddi11/Labs/Chapter_5/chap5/Src/main.c:454:16:Check_Full	3
/home/absqua/Desktop/Gitlab/tddi11/Labs/Chapter_5/chap5/Src/main.c:486:6:SystemClock_Config	4
/home/absqua/Desktop/Gitlab/tddi11/Labs/Chapter_5/chap5/Src/main.c:542:13:SystemHardwareInit	12
/home/absqua/Desktop/Gitlab/tddi11/Labs/Chapter_5/chap5/Src/main.c:635:6:Error_Handler	1
/home/absqua/Desktop/Gitlab/tddi11/Labs/Chapter_5/chap5/Src/main.c:650:6:TicTacToe_PB_Callback	2
/home/absqua/Desktop/Gitlab/tddi11/Labs/Chapter_5/chap5/Src/main.c:663:6:TicTacToe_TS_Callback	2
